Component: ARM Compiler 5.06 update 7 (build 960) Tool: armlink [4d3601]

==============================================================================

Section Cross References

    main.o(i.main) refers to pin.o(i.rt_pin_mode) for rt_pin_mode
    main.o(i.main) refers to pin.o(i.rt_pin_write) for rt_pin_write
    main.o(i.main) refers to thread.o(i.rt_thread_mdelay) for rt_thread_mdelay
    syscall_mem.o(i.calloc) refers (Special) to hguard.o(.text) for __use_no_heap
    syscall_mem.o(i.calloc) refers to kservice.o(i.rt_calloc) for rt_calloc
    syscall_mem.o(i.free) refers (Special) to hguard.o(.text) for __use_no_heap
    syscall_mem.o(i.free) refers to kservice.o(i.rt_free) for rt_free
    syscall_mem.o(i.malloc) refers (Special) to hguard.o(.text) for __use_no_heap
    syscall_mem.o(i.malloc) refers to kservice.o(i.rt_malloc) for rt_malloc
    syscall_mem.o(i.realloc) refers (Special) to hguard.o(.text) for __use_no_heap
    syscall_mem.o(i.realloc) refers to kservice.o(i.rt_realloc) for rt_realloc
    syscalls.o(i._sys_close) refers (Special) to use_no_semi.o(.text) for __use_no_semihosting_swi
    syscalls.o(i._sys_close) refers to dfs_posix.o(i.close) for close
    syscalls.o(i._sys_command_string) refers (Special) to use_no_semi.o(.text) for __use_no_semihosting_swi
    syscalls.o(i._sys_ensure) refers (Special) to use_no_semi.o(.text) for __use_no_semihosting_swi
    syscalls.o(i._sys_ensure) refers to dfs_posix.o(i.fsync) for fsync
    syscalls.o(i._sys_exit) refers (Special) to use_no_semi.o(.text) for __use_no_semihosting_swi
    syscalls.o(i._sys_exit) refers to cstdlib.o(i.__rt_libc_exit) for __rt_libc_exit
    syscalls.o(i._sys_flen) refers (Special) to use_no_semi.o(.text) for __use_no_semihosting_swi
    syscalls.o(i._sys_flen) refers to dfs_posix.o(i.fstat) for fstat
    syscalls.o(i._sys_istty) refers (Special) to use_no_semi.o(.text) for __use_no_semihosting_swi
    syscalls.o(i._sys_open) refers (Special) to use_no_semi.o(.text) for __use_no_semihosting_swi
    syscalls.o(i._sys_open) refers to strcmpv7m.o(.text) for strcmp
    syscalls.o(i._sys_open) refers to dfs_posix.o(i.open) for open
    syscalls.o(i._sys_open) refers to syscalls.o(.constdata) for __stdin_name
    syscalls.o(i._sys_read) refers (Special) to use_no_semi.o(.text) for __use_no_semihosting_swi
    syscalls.o(i._sys_read) refers to kservice.o(i.rt_kprintf) for rt_kprintf
    syscalls.o(i._sys_read) refers to dfs_posix.o(i.read) for read
    syscalls.o(i._sys_read) refers to syscalls.o(.constdata) for __func__
    syscalls.o(i._sys_seek) refers (Special) to use_no_semi.o(.text) for __use_no_semihosting_swi
    syscalls.o(i._sys_seek) refers to dfs_posix.o(i.lseek) for lseek
    syscalls.o(i._sys_tmpnam) refers (Special) to use_no_semi.o(.text) for __use_no_semihosting_swi
    syscalls.o(i._sys_tmpnam) refers to kservice.o(i.rt_snprintf) for rt_snprintf
    syscalls.o(i._sys_write) refers (Special) to use_no_semi.o(.text) for __use_no_semihosting_swi
    syscalls.o(i._sys_write) refers to kservice.o(i.rt_console_get_device) for rt_console_get_device
    syscalls.o(i._sys_write) refers to device.o(i.rt_device_write) for rt_device_write
    syscalls.o(i._sys_write) refers to dfs_posix.o(i.write) for write
    syscalls.o(i._sys_write) refers to dfs_posix.o(i.fsync) for fsync
    syscalls.o(i._ttywrch) refers (Special) to use_no_semi.o(.text) for __use_no_semihosting_swi
    syscalls.o(i._ttywrch) refers to kservice.o(i.rt_kprintf) for rt_kprintf
    syscalls.o(i.remove) refers (Special) to use_no_semi.o(.text) for __use_no_semihosting_swi
    syscalls.o(i.remove) refers to dfs_posix.o(i.unlink) for unlink
    syscalls.o(.constdata) refers (Special) to use_no_semi.o(.text) for __use_no_semihosting_swi
    cstdlib.o(i.__rt_libc_exit) refers to thread.o(i.rt_thread_self) for rt_thread_self
    cstdlib.o(i.__rt_libc_exit) refers to kservice.o(i.rt_kprintf) for rt_kprintf
    cstdlib.o(i.__rt_libc_exit) refers to thread.o(i.rt_thread_control) for rt_thread_control
    cstdlib.o(i.itoa) refers to cstdlib.o(i.ltoa) for ltoa
    cstdlib.o(i.system) refers to strlen.o(.text) for strlen
    cstdlib.o(i.system) refers to msh.o(i.msh_exec) for msh_exec
    cstdlib.o(i.utoa) refers to cstdlib.o(i.ultoa) for ultoa
    cstring.o(i.bcmp) refers to kservice.o(i.rt_memcmp) for rt_memcmp
    cstring.o(i.bcopy) refers to kservice.o(i.rt_memcpy) for rt_memcpy
    cstring.o(i.bzero) refers to kservice.o(i.rt_memset) for rt_memset
    cstring.o(i.index) refers to strchr.o(.text) for strchr
    cstring.o(i.rindex) refers to strrchr.o(.text) for strrchr
    cstring.o(i.strcasecmp) refers to tolower.o(.text) for tolower
    cstring.o(i.strdup) refers to strlen.o(.text) for strlen
    cstring.o(i.strdup) refers to syscall_mem.o(i.malloc) for malloc
    cstring.o(i.strdup) refers to strcpy.o(.text) for strcpy
    cstring.o(i.strncasecmp) refers to tolower.o(.text) for tolower
    cstring.o(i.strndup) refers to cstring.o(i.strnlen) for strnlen
[...]
    msh_exec                                 0x080085fd   Thumb Code   102  msh.o(i.msh_exec)
    msh_exec_script                          0x0800867d   Thumb Code   294  msh_file.o(i.msh_exec_script)
    msh_help                                 0x08008881   Thumb Code    48  msh.o(i.msh_help)
    msh_isint                                0x080088e5   Thumb Code    60  msh_parse.o(i.msh_isint)
    msh_opt_auto_complete                    0x08008921   Thumb Code   110  msh.o(i.msh_opt_auto_complete)
    msh_opt_list_dump                        0x08008a39   Thumb Code    30  msh.o(i.msh_opt_list_dump)
    open                                     0x08008bf1   Thumb Code    80  dfs_posix.o(i.open)
    opendir                                  0x08008c41   Thumb Code   116  dfs_posix.o(i.opendir)
    read                                     0x08008fc9   Thumb Code    68  dfs_posix.o(i.read)
    readdir                                  0x0800900d   Thumb Code   120  dfs_posix.o(i.readdir)
    rename                                   0x08009091   Thumb Code    36  dfs_posix.o(i.rename)
    rewinddir                                0x080090b5   Thumb Code    50  dfs_posix.o(i.rewinddir)
    rmdir                                    0x080090e7   Thumb Code    32  dfs_posix.o(i.rmdir)
    rt_application_init                      0x08009109   Thumb Code    46  components.o(i.rt_application_init)
    rt_assert_handler                        0x08009159   Thumb Code    56  kservice.o(i.rt_assert_handler)
    rt_calloc                                0x080091cd   Thumb Code    34  kservice.o(i.rt_calloc)
    rt_completion_done                       0x080091f1   Thumb Code    76  completion.o(i.rt_completion_done)
    rt_completion_init                       0x08009259   Thumb Code    42  completion.o(i.rt_completion_init)
    rt_completion_wait                       0x080092a1   Thumb Code   356  completion.o(i.rt_completion_wait)
    rt_components_board_init                 0x08009509   Thumb Code    20  components.o(i.rt_components_board_init)
    rt_components_init                       0x08009525   Thumb Code    20  components.o(i.rt_components_init)
    rt_console_get_device                    0x08009541   Thumb Code     6  kservice.o(i.rt_console_get_device)
    rt_console_set_device                    0x0800954d   Thumb Code    56  kservice.o(i.rt_console_set_device)
    rt_critical_level                        0x08009589   Thumb Code     8  scheduler_up.o(i.rt_critical_level)
    rt_data_queue_deinit                     0x08009595   Thumb Code    70  dataqueue.o(i.rt_data_queue_deinit)
    rt_data_queue_init                       0x08009619   Thumb Code   124  dataqueue.o(i.rt_data_queue_init)
    rt_data_queue_len                        0x080096bd   Thumb Code   118  dataqueue.o(i.rt_data_queue_len)
    rt_data_queue_peek                       0x08009771   Thumb Code   104  dataqueue.o(i.rt_data_queue_peek)
    rt_data_queue_pop                        0x08009815   Thumb Code   532  dataqueue.o(i.rt_data_queue_pop)
    rt_data_queue_push                       0x08009b41   Thumb Code   468  dataqueue.o(i.rt_data_queue_push)
    rt_data_queue_reset                      0x08009e09   Thumb Code   188  dataqueue.o(i.rt_data_queue_reset)
    rt_device_close                          0x08009f41   Thumb Code    94  device.o(i.rt_device_close)
    rt_device_find                           0x08009ff1   Thumb Code    14  device.o(i.rt_device_find)
    rt_device_open                           0x0800a001   Thumb Code   214  device.o(i.rt_device_open)
    rt_device_pin_register                   0x0800a195   Thumb Code    56  pin.o(i.rt_device_pin_register)
    rt_device_read                           0x0800a1dd   Thumb Code    98  device.o(i.rt_device_read)
    rt_device_register                       0x0800a291   Thumb Code    52  device.o(i.rt_device_register)
    rt_device_set_rx_indicate                0x0800a2c5   Thumb Code    48  device.o(i.rt_device_set_rx_indicate)
    rt_device_write                          0x0800a345   Thumb Code    98  device.o(i.rt_device_write)
    rt_enter_critical                        0x0800a549   Thumb Code    28  scheduler_up.o(i.rt_enter_critical)
    rt_exit_critical                         0x0800a569   Thumb Code    60  scheduler_up.o(i.rt_exit_critical)
    rt_free                                  0x0800a5ad   Thumb Code    48  kservice.o(i.rt_free)
    rt_get_errno                             0x0800a5e1   Thumb Code    34  kservice.o(i.rt_get_errno)
    rt_hw_board_init                         0x0800a609   Thumb Code    38  drv_common.o(i.rt_hw_board_init)
    rt_hw_console_output                     0x0800a641   Thumb Code     2  kservice.o(i.rt_hw_console_output)
    rt_hw_cpu_reset                          0x0800a645   Thumb Code     8  cpuport.o(i.rt_hw_cpu_reset)
    rt_hw_hard_fault_exception               0x0800a655   Thumb Code   198  cpuport.o(i.rt_hw_hard_fault_exception)
    rt_hw_interrupt_is_disabled              0x0800a85d   Thumb Code     4  irq.o(i.rt_hw_interrupt_is_disabled)
    rt_hw_pin_init                           0x0800a861   Thumb Code   198  drv_gpio.o(i.rt_hw_pin_init)
    rt_hw_serial_isr                         0x0800a935   Thumb Code   406  serial.o(i.rt_hw_serial_isr)
    rt_hw_serial_register                    0x0800ab21   Thumb Code    80  serial.o(i.rt_hw_serial_register)
    rt_hw_stack_init                         0x0800aba1   Thumb Code    70  cpuport.o(i.rt_hw_stack_init)
    rt_hw_systick_init                       0x0800abed   Thumb Code    74  drv_common.o(i.rt_hw_systick_init)
    rt_hw_usart_init                         0x0800ac49   Thumb Code   180  drv_usart.o(i.rt_hw_usart_init)
    rt_interrupt_enter                       0x0800ad25   Thumb Code    42  irq.o(i.rt_interrupt_enter)
    rt_interrupt_get_nest                    0x0800ad59   Thumb Code    22  irq.o(i.rt_interrupt_get_nest)
    rt_interrupt_leave                       0x0800ad75   Thumb Code    42  irq.o(i.rt_interrupt_leave)
    rt_kprintf                               0x0800ada9   Thumb Code    70  kservice.o(i.rt_kprintf)
    rt_malloc                                0x0800af1d   Thumb Code    52  kservice.o(i.rt_malloc)
    rt_memcpy                                0x0800af59   Thumb Code   128  kservice.o(i.rt_memcpy)
    rt_memmove                               0x0800afd9   Thumb Code    66  kservice.o(i.rt_memmove)
    rt_memory_info                           0x0800b01d   Thumb Code    64  kservice.o(i.rt_memory_info)
    rt_memset                                0x0800b061   Thumb Code    96  kservice.o(i.rt_memset)
    rt_mutex_drop_thread                     0x0800b0c1   Thumb Code   100  ipc.o(i.rt_mutex_drop_thread)
    rt_mutex_init                            0x0800b125   Thumb Code    70  ipc.o(i.rt_mutex_init)
    rt_mutex_release                         0x0800b185   Thumb Code   356  ipc.o(i.rt_mutex_release)
    rt_mutex_take                            0x0800b36d   Thumb Code    18  ipc.o(i.rt_mutex_take)
    rt_object_allocate                       0x0800b381   Thumb Code   158  object.o(i.rt_object_allocate)
    rt_object_delete                         0x0800b46d   Thumb Code    88  object.o(i.rt_object_delete)
    rt_object_detach                         0x0800b50d   Thumb Code    62  object.o(i.rt_object_detach)
    rt_object_find                           0x0800b569   Thumb Code   124  object.o(i.rt_object_find)
    rt_object_get_information                0x0800b615   Thumb Code    36  object.o(i.rt_object_get_information)
    rt_object_get_type                       0x0800b63d   Thumb Code    26  object.o(i.rt_object_get_type)
    rt_object_init                           0x0800b671   Thumb Code   134  object.o(i.rt_object_init)
    rt_object_is_systemobject                0x0800b729   Thumb Code    34  object.o(i.rt_object_is_systemobject)
    rt_pin_get                               0x0800b765   Thumb Code    46  pin.o(i.rt_pin_get)
    rt_pin_mode                              0x0800b7b5   Thumb Code    38  pin.o(i.rt_pin_mode)
    rt_pin_read                              0x0800b7fd   Thumb Code    34  pin.o(i.rt_pin_read)
    rt_pin_write                             0x0800b841   Thumb Code    38  pin.o(i.rt_pin_write)
    rt_realloc                               0x0800b889   Thumb Code    40  kservice.o(i.rt_realloc)
    rt_schedule                              0x0800b8b5   Thumb Code   314  scheduler_up.o(i.rt_schedule)
    rt_schedule_insert_thread                0x0800ba0d   Thumb Code   156  scheduler_up.o(i.rt_schedule_insert_thread)
    rt_schedule_remove_thread                0x0800bacd   Thumb Code    90  scheduler_up.o(i.rt_schedule_remove_thread)
    rt_sem_init                              0x0800bb49   Thumb Code    88  ipc.o(i.rt_sem_init)
    rt_sem_release                           0x0800bc05   Thumb Code   136  ipc.o(i.rt_sem_release)
    rt_sem_take                              0x0800bca9   Thumb Code    18  ipc.o(i.rt_sem_take)
    rt_set_errno                             0x0800c305   Thumb Code    38  kservice.o(i.rt_set_errno)
    rt_show_version                          0x0800c331   Thumb Code    42  kservice.o(i.rt_show_version)
    rt_smem_alloc                            0x0800c3f5   Thumb Code   424  mem.o(i.rt_smem_alloc)
    rt_smem_free                             0x0800c651   Thumb Code   202  mem.o(i.rt_smem_free)
    rt_smem_init                             0x0800c7f1   Thumb Code   172  mem.o(i.rt_smem_init)
    rt_smem_realloc                          0x0800c8e1   Thumb Code   336  mem.o(i.rt_smem_realloc)
    rt_snprintf                              0x0800cb49   Thumb Code    40  kservice.o(i.rt_snprintf)
    rt_soft_timer_check                      0x0800cb71   Thumb Code   214  timer.o(i.rt_soft_timer_check)
    rt_sprintf                               0x0800cc59   Thumb Code    36  kservice.o(i.rt_sprintf)
    rt_strdup                                0x0800cc7d   Thumb Code    40  kservice.o(i.rt_strdup)
    rt_strerror                              0x0800cca5   Thumb Code    42  kservice.o(i.rt_strerror)
    rt_system_heap_init                      0x0800ccdd   Thumb Code    66  kservice.o(i.rt_system_heap_init)
    rt_system_scheduler_init                 0x0800cd55   Thumb Code    38  scheduler_up.o(i.rt_system_scheduler_init)
    rt_system_scheduler_start                0x0800cd89   Thumb Code    36  scheduler_up.o(i.rt_system_scheduler_start)
    rt_system_timer_init                     0x0800cdb1   Thumb Code    24  timer.o(i.rt_system_timer_init)
    rt_system_timer_thread_init              0x0800cdcd   Thumb Code    58  timer.o(i.rt_system_timer_thread_init)
    rt_thread_control                        0x0800ce21   Thumb Code   186  thread.o(i.rt_thread_control)
    rt_thread_create                         0x0800cef9   Thumb Code    80  thread.o(i.rt_thread_create)
    rt_thread_defunct_dequeue                0x0800cf49   Thumb Code    56  idle.o(i.rt_thread_defunct_dequeue)
    rt_thread_defunct_enqueue                0x0800cf85   Thumb Code    24  idle.o(i.rt_thread_defunct_enqueue)
    rt_thread_delay                          0x0800cfa1   Thumb Code    12  thread.o(i.rt_thread_delay)
    rt_thread_delete                         0x0800cfad   Thumb Code   158  thread.o(i.rt_thread_delete)
    rt_thread_detach                         0x0800d0a5   Thumb Code   158  thread.o(i.rt_thread_detach)
    rt_thread_idle_init                      0x0800d191   Thumb Code    92  idle.o(i.rt_thread_idle_init)
    rt_thread_init                           0x0800d201   Thumb Code    78  thread.o(i.rt_thread_init)
    rt_thread_mdelay                         0x0800d281   Thumb Code    20  thread.o(i.rt_thread_mdelay)
    rt_thread_resume                         0x0800d295   Thumb Code   114  thread.o(i.rt_thread_resume)
    rt_thread_self                           0x0800d329   Thumb Code     6  thread.o(i.rt_thread_self)
    rt_thread_sleep                          0x0800d3a1   Thumb Code   294  thread.o(i.rt_thread_sleep)
    rt_thread_startup                        0x0800d59d   Thumb Code    98  thread.o(i.rt_thread_startup)
    rt_thread_suspend_with_flag              0x0800d655   Thumb Code   168  thread.o(i.rt_thread_suspend_with_flag)
    rt_tick_from_millisecond                 0x0800d739   Thumb Code    56  clock.o(i.rt_tick_from_millisecond)
    rt_tick_get                              0x0800d771   Thumb Code     6  clock.o(i.rt_tick_get)
    rt_tick_increase                         0x0800d77d   Thumb Code    90  clock.o(i.rt_tick_increase)
    rt_timer_check                           0x0800d7e1   Thumb Code   196  timer.o(i.rt_timer_check)
    rt_timer_control                         0x0800d8b1   Thumb Code   186  timer.o(i.rt_timer_control)
    rt_timer_detach                          0x0800d9e9   Thumb Code    96  timer.o(i.rt_timer_detach)
    rt_timer_init                            0x0800dac9   Thumb Code    94  timer.o(i.rt_timer_init)
    rt_timer_start                           0x0800db6d   Thumb Code   346  timer.o(i.rt_timer_start)
    rt_timer_stop                            0x0800dd35   Thumb Code   108  timer.o(i.rt_timer_stop)
    rt_vsnprintf                             0x0800ddf9   Thumb Code   862  kservice.o(i.rt_vsnprintf)
    rt_vsprintf                              0x0800e161   Thumb Code    22  kservice.o(i.rt_vsprintf)
    rtthread_startup                         0x0800e187   Thumb Code    42  components.o(i.rtthread_startup)
    stat                                     0x0800e34f   Thumb Code    36  dfs_posix.o(i.stat)
    stm32_uart_get_mask                      0x0800edad   Thumb Code    32  drv_usart.o(i.stm32_uart_get_mask)
    unlink                                   0x0800ef69   Thumb Code    32  dfs_posix.o(i.unlink)
    version                                  0x0800f071   Thumb Code    10  cmd.o(i.version)
    write                                    0x0800f07b   Thumb Code    68  dfs_posix.o(i.write)
    _get_lc_ctype                            0x0800f0c1   Thumb Code    44  lc_ctype_c.o(locale$$code)
    AHBPrescTable                            0x0800fc03   Data          16  system_stm32f1xx.o(.constdata)
    APBPrescTable                            0x0800fc13   Data           8  system_stm32f1xx.o(.constdata)
    __fsym_pin_name                          0x0801034e   Data           4  pin.o(.rodata.name)
    __fsym_pin_desc                          0x08010352   Data          13  pin.o(.rodata.name)
    __fsym_reboot_name                       0x0801035f   Data           7  drv_common.o(.rodata.name)
    __fsym_reboot_desc                       0x08010366   Data          14  drv_common.o(.rodata.name)
    __fsym_help_name                         0x08010374   Data           5  msh.o(.rodata.name)
    __fsym_help_desc                         0x08010379   Data          22  msh.o(.rodata.name)
    __fsym_ps_name                           0x0801038f   Data           3  msh.o(.rodata.name)
    __fsym_ps_desc                           0x08010392   Data          28  msh.o(.rodata.name)
    __fsym_free_name                         0x080103ae   Data           5  msh.o(.rodata.name)
    __fsym_free_desc                         0x080103b3   Data          37  msh.o(.rodata.name)
    __fsym_clear_name                        0x080103d8   Data           6  cmd.o(.rodata.name)
    __fsym_clear_desc                        0x080103de   Data          26  cmd.o(.rodata.name)
    __fsym_version_name                      0x080103f8   Data           8  cmd.o(.rodata.name)
    __fsym_version_desc                      0x08010400   Data          35  cmd.o(.rodata.name)
    __fsym_list_name                         0x08010423   Data           5  cmd.o(.rodata.name)
    __fsym_list_desc                         0x08010428   Data          13  cmd.o(.rodata.name)
    __fsym_ls_name                           0x08010435   Data           3  msh_file.o(.rodata.name)
    __fsym_ls_desc                           0x08010438   Data          34  msh_file.o(.rodata.name)
    __fsym_cp_name                           0x0801045a   Data           3  msh_file.o(.rodata.name)
    __fsym_cp_desc                           0x0801045d   Data          21  msh_file.o(.rodata.name)
    __fsym_mv_name                           0x08010472   Data           3  msh_file.o(.rodata.name)
    __fsym_mv_desc                           0x08010475   Data          23  msh_file.o(.rodata.name)
    __fsym_cat_name                          0x0801048c   Data           4  msh_file.o(.rodata.name)
    __fsym_cat_desc                          0x08010490   Data          20  msh_file.o(.rodata.name)
    __fsym_rm_name                           0x080104a4   Data           3  msh_file.o(.rodata.name)
    __fsym_rm_desc                           0x080104a7   Data          28  msh_file.o(.rodata.name)
    __fsym_cd_name                           0x080104c3   Data           3  msh_file.o(.rodata.name)
    __fsym_cd_desc                           0x080104c6   Data          36  msh_file.o(.rodata.name)
    __fsym_pwd_name                          0x080104ea   Data           4  msh_file.o(.rodata.name)
    __fsym_pwd_desc                          0x080104ee   Data          49  msh_file.o(.rodata.name)
    __fsym_mkdir_name                        0x0801051f   Data           6  msh_file.o(.rodata.name)
    __fsym_mkdir_desc                        0x08010525   Data          22  msh_file.o(.rodata.name)
    __fsym_mkfs_name                         0x0801053b   Data           5  msh_file.o(.rodata.name)
    __fsym_mkfs_desc                         0x08010540   Data          29  msh_file.o(.rodata.name)
    __fsym_mount_name                        0x0801055d   Data           6  msh_file.o(.rodata.name)
    __fsym_mount_desc                        0x08010563   Data          37  msh_file.o(.rodata.name)
    __fsym_umount_name                       0x08010588   Data           7  msh_file.o(.rodata.name)
    __fsym_umount_desc                       0x0801058f   Data          23  msh_file.o(.rodata.name)
    __fsym_df_name                           0x080105a6   Data           3  msh_file.o(.rodata.name)
    __fsym_df_desc                           0x080105a9   Data          10  msh_file.o(.rodata.name)
    __fsym_echo_name                         0x080105b3   Data           5  msh_file.o(.rodata.name)
    __fsym_echo_desc                         0x080105b8   Data          20  msh_file.o(.rodata.name)
    __fsym_tail_name                         0x080105cc   Data           5  msh_file.o(.rodata.name)
    __fsym_tail_desc                         0x080105d1   Data          48  msh_file.o(.rodata.name)
    __rt_init_rti_start                      0x08010604   Data           4  components.o(.rti_fn.0)
    __rt_init_rti_board_start                0x08010608   Data           4  components.o(.rti_fn.0.end)
    __rt_init_rti_board_end                  0x0801060c   Data           4  components.o(.rti_fn.1.end)
    __rt_init_dfs_init                       0x08010610   Data           4  dfs.o(.rti_fn.2)
    __rt_init_finsh_system_init              0x08010614   Data           4  shell.o(.rti_fn.6)
    __rt_init_rti_end                        0x08010618   Data           4  components.o(.rti_fn.6.end)
    FSymTab$$Base                            0x0801061c   Number         0  pin.o(FSymTab)
    __fsym_pin                               0x0801061c   Data          16  pin.o(FSymTab)
    __fsym_reboot                            0x0801062c   Data          16  drv_common.o(FSymTab)
    __fsym_help                              0x0801063c   Data          16  msh.o(FSymTab)
    __fsym_ps                                0x0801064c   Data          16  msh.o(FSymTab)
    __fsym_free                              0x0801065c   Data          16  msh.o(FSymTab)
    __fsym_clear                             0x0801066c   Data          16  cmd.o(FSymTab)
    __fsym_version                           0x0801067c   Data          16  cmd.o(FSymTab)
    __fsym_list                              0x0801068c   Data          16  cmd.o(FSymTab)
    __fsym_ls                                0x0801069c   Data          16  msh_file.o(FSymTab)
    __fsym_cp                                0x080106ac   Data          16  msh_file.o(FSymTab)
    __fsym_mv                                0x080106bc   Data          16  msh_file.o(FSymTab)
    __fsym_cat                               0x080106cc   Data          16  msh_file.o(FSymTab)
    __fsym_rm                                0x080106dc   Data          16  msh_file.o(FSymTab)
    __fsym_cd                                0x080106ec   Data          16  msh_file.o(FSymTab)
    __fsym_pwd                               0x080106fc   Data          16  msh_file.o(FSymTab)
    __fsym_mkdir                             0x0801070c   Data          16  msh_file.o(FSymTab)
    __fsym_mkfs                              0x0801071c   Data          16  msh_file.o(FSymTab)
    __fsym_mount                             0x0801072c   Data          16  msh_file.o(FSymTab)
    __fsym_umount                            0x0801073c   Data          16  msh_file.o(FSymTab)
    __fsym_df                                0x0801074c   Data          16  msh_file.o(FSymTab)
    __fsym_echo                              0x0801075c   Data          16  msh_file.o(FSymTab)
    __fsym_tail                              0x0801076c   Data          16  msh_file.o(FSymTab)
    FSymTab$$Limit                           0x0801077c   Number         0  msh_file.o(FSymTab)
    Region$$Table$$Base                      0x0801077c   Number         0  anon$$obj.o(Region$$Table)
    Region$$Table$$Limit                     0x0801079c   Number         0  anon$$obj.o(Region$$Table)
    __ctype                                  0x080107a9   Data           0  lc_ctype_c.o(locale$$data)
    rt_interrupt_from_thread                 0x20000000   Data           4  cpuport.o(.data)
    rt_interrupt_to_thread                   0x20000004   Data           4  cpuport.o(.data)
    rt_thread_switch_interrupt_flag          0x20000008   Data           4  cpuport.o(.data)
    working_directory                        0x20000144   Data         256  dfs.o(.data)
    _syscall_table_begin                     0x20000250   Data           4  shell.o(.data)
    _syscall_table_end                       0x20000254   Data           4  shell.o(.data)
    shell                                    0x20000258   Data           4  shell.o(.data)
    rt_interrupt_nest                        0x200002fc   Data           1  irq.o(.data)
    rt_assert_hook                           0x2000038c   Data           4  kservice.o(.data)
    rt_object_trytake_hook                   0x20000448   Data           4  object.o(.data)
    rt_object_take_hook                      0x2000044c   Data           4  object.o(.data)
    rt_object_put_hook                       0x20000450   Data           4  object.o(.data)
    rt_thread_ready_priority_group           0x20000454   Data           4  scheduler_up.o(.data)
    rt_current_thread                        0x2000045c   Data           4  scheduler_up.o(.data)
    rt_current_priority                      0x20000460   Data           1  scheduler_up.o(.data)
    SystemCoreClock                          0x20000498   Data           4  system_stm32f1xx.o(.data)
    uwTick                                   0x2000049c   Data           4  stm32f1xx_hal.o(.data)
    uwTickPrio                               0x200004a0   Data           4  stm32f1xx_hal.o(.data)
    uwTickFreq                               0x200004a4   Data           1  stm32f1xx_hal.o(.data)
    filesystem_operation_table               0x2000075c   Data          16  dfs.o(.bss)
    filesystem_table                         0x2000076c   Data          64  dfs.o(.bss)
    rt_thread_priority_table                 0x20000f04   Data         256  scheduler_up.o(.bss)
    __libspace_start                         0x20001298   Data          96  libspace.o(.bss)
    __temporary_stack_top$libspace           0x200012f8   Data           0  libspace.o(.bss)
    Image$$RW_IRAM1$$ZI$$Limit               0x200018f8   Number         0  anon$$obj.o ABSOLUTE



==============================================================================

Memory Map of the image

  Image Entry point : 0x08000131

  Load Region LR_IROM1 (Base: 0x08000000, Size: 0x00010d54, Max: 0x00080000, ABSOLUTE, COMPRESSED[0x000109e0])

    Execution Region ER_IROM1 (Exec base: 0x08000000, Load base: 0x08000000, Size: 0x000108ac, Max: 0x00080000, ABSOLUTE)

    Exec Addr    Load Addr    Size         Type   Attr      Idx    E Section Name        Object

    0x08000000   0x08000000   0x00000130   Data   RO         2123    RESET               startup_stm32f103xe.o
    0x08000130   0x08000130   0x00000008   Code   RO         6276  * !!!main             c_w.l(__main.o)
    0x08000138   0x08000138   0x00000034   Code   RO         6468    !!!scatter          c_w.l(__scatter.o)
    0x0800016c   0x0800016c   0x0000005a   Code   RO         6466    !!dczerorl2         c_w.l(__dczerorl2.o)
    0x080001c6   0x080001c6   0x00000002   PAD
    0x080001c8   0x080001c8   0x0000001c   Code   RO         6470    !!handler_zi        c_w.l(__scatter_zi.o)
    0x080001e4   0x080001e4   0x00000002   Code   RO         6389    .ARM.Collect$$libinit$$00000000  c_w.l(libinit.o)
    0x080001e6   0x080001e6   0x00000000   Code   RO         6330    .ARM.Collect$$libinit$$00000002  c_w.l(libinit2.o)
    0x080001e6   0x080001e6   0x00000000   Code   RO         6332    .ARM.Collect$$libinit$$00000004  c_w.l(libinit2.o)
    0x080001e6   0x080001e6   0x00000000   Code   RO         6335    .ARM.Collect$$libinit$$0000000A  c_w.l(libinit2.o)
    0x080001e6   0x080001e6   0x00000000   Code   RO         6337    .ARM.Collect$$libinit$$0000000C  c_w.l(libinit2.o)
    0x080001e6   0x080001e6   0x00000000   Code   RO         6339    .ARM.Collect$$libinit$$0000000E  c_w.l(libinit2.o)
    0x080001e6   0x080001e6   0x00000006   Code   RO         6340    .ARM.Collect$$libinit$$0000000F  c_w.l(libinit2.o)
    0x080001ec   0x080001ec   0x00000000   Code   RO         6342    .ARM.Collect$$libinit$$00000011  c_w.l(libinit2.o)
    0x080001ec   0x080001ec   0x0000000c   Code   RO         6343    .ARM.Collect$$libinit$$00000012  c_w.l(libinit2.o)
    0x080001f8   0x080001f8   0x00000000   Code   RO         6344    .ARM.Collect$$libinit$$00000013  c_w.l(libinit2.o)
    0x080001f8   0x080001f8   0x00000000   Code   RO         6346    .ARM.Collect$$libinit$$00000015  c_w.l(libinit2.o)
    0x080001f8   0x080001f8   0x00000000   Code   RO         6348    .ARM.Collect$$libinit$$00000017  c_w.l(libinit2.o)
    0x080001f8   0x080001f8   0x00000000   Code   RO         6350    .ARM.Collect$$libinit$$00000019  c_w.l(libinit2.o)
    0x080001f8   0x080001f8   0x00000000   Code   RO         6352    .ARM.Collect$$libinit$$0000001B  c_w.l(libinit2.o)
    0x080001f8   0x080001f8   0x00000000   Code   RO         6354    .ARM.Collect$$libinit$$0000001D  c_w.l(libinit2.o)
    0x080001f8   0x080001f8   0x00000000   Code   RO         6356    .ARM.Collect$$libinit$$0000001F  c_w.l(libinit2.o)
    0x080001f8   0x080001f8   0x00000000   Code   RO         6358    .ARM.Collect$$libinit$$00000021  c_w.l(libinit2.o)
    0x080001f8   0x080001f8   0x00000000   Code   RO         6360    .ARM.Collect$$libinit$$00000023  c_w.l(libinit2.o)
    0x080001f8   0x080001f8   0x00000000   Code   RO         6362    .ARM.Collect$$libinit$$00000025  c_w.l(libinit2.o)
    0x080001f8   0x080001f8   0x00000000   Code   RO         6366    .ARM.Collect$$libinit$$0000002C  c_w.l(libinit2.o)
    0x080001f8   0x080001f8   0x00000000   Code   RO         6368    .ARM.Collect$$libinit$$0000002E  c_w.l(libinit2.o)
    0x080001f8   0x080001f8   0x00000000   Code   RO         6370    .ARM.Collect$$libinit$$00000030  c_w.l(libinit2.o)
    0x080001f8   0x080001f8   0x00000000   Code   RO         6372    .ARM.Collect$$libinit$$00000032  c_w.l(libinit2.o)
    0x080001f8   0x080001f8   0x00000002   Code   RO         6373    .ARM.Collect$$libinit$$00000033  c_w.l(libinit2.o)
    0x080001fa   0x080001fa   0x00000002   Code   RO         6429    .ARM.Collect$$libshutdown$$00000000  c_w.l(libshutdown.o)
    0x080001fc   0x080001fc   0x00000000   Code   RO         6433    .ARM.Collect$$libshutdown$$00000002  c_w.l(libshutdown2.o)
    0x080001fc   0x080001fc   0x00000000   Code   RO         6435    .ARM.Collect$$libshutdown$$00000004  c_w.l(libshutdown2.o)
    0x080001fc   0x080001fc   0x00000000   Code   RO         6437    .ARM.Collect$$libshutdown$$00000006  c_w.l(libshutdown2.o)
    0x080001fc   0x080001fc   0x00000000   Code   RO         6440    .ARM.Collect$$libshutdown$$00000009  c_w.l(libshutdown2.o)
    0x080001fc   0x080001fc   0x00000000   Code   RO         6443    .ARM.Collect$$libshutdown$$0000000C  c_w.l(libshutdown2.o)
    0x080001fc   0x080001fc   0x00000000   Code   RO         6445    .ARM.Collect$$libshutdown$$0000000E  c_w.l(libshutdown2.o)
    0x080001fc   0x080001fc   0x00000000   Code   RO         6448    .ARM.Collect$$libshutdown$$00000011  c_w.l(libshutdown2.o)
    0x080001fc   0x080001fc   0x00000002   Code   RO         6449    .ARM.Collect$$libshutdown$$00000012  c_w.l(libshutdown2.o)
    0x080001fe   0x080001fe   0x00000000   Code   RO         6284    .ARM.Collect$$rtentry$$00000000  c_w.l(__rtentry.o)
    0x080001fe   0x080001fe   0x00000000   Code   RO         6309    .ARM.Collect$$rtentry$$00000002  c_w.l(__rtentry2.o)
    0x080001fe   0x080001fe   0x00000006   Code   RO         6321    .ARM.Collect$$rtentry$$00000004  c_w.l(__rtentry4.o)
    0x08000204   0x08000204   0x00000000   Code   RO         6311    .ARM.Collect$$rtentry$$00000009  c_w.l(__rtentry2.o)
    0x08000204   0x08000204   0x00000004   Code   RO         6312    .ARM.Collect$$rtentry$$0000000A  c_w.l(__rtentry2.o)
    0x08000208   0x08000208   0x00000000   Code   RO         6314    .ARM.Collect$$rtentry$$0000000C  c_w.l(__rtentry2.o)
    0x08000208   0x08000208   0x00000008   Code   RO         6315    .ARM.Collect$$rtentry$$0000000D  c_w.l(__rtentry2.o)
    0x08000210   0x08000210   0x00000002   Code   RO         6392    .ARM.Collect$$rtexit$$00000000  c_w.l(rtexit.o)
    0x08000212   0x08000212   0x00000000   Code   RO         6403    .ARM.Collect$$rtexit$$00000002  c_w.l(rtexit2.o)
    0x08000212   0x08000212   0x00000004   Code   RO         6404    .ARM.Collect$$rtexit$$00000003  c_w.l(rtexit2.o)
    0x08000216   0x08000216   0x00000006   Code   RO         6405    .ARM.Collect$$rtexit$$00000004  c_w.l(rtexit2.o)
    0x0800021c   0x0800021c   0x00000010   Code   RO          835    .emb_text           cpuport.o
    0x0800022c   0x0800022c   0x000000fc   Code   RO          831    .text               context_rvds.o
    0x08000328   0x08000328   0x00000040   Code   RO         2124    .text               startup_stm32f103xe.o
    0x08000368   0x08000368   0x00000002   Code   RO         6240    .text               c_w.l(use_no_semi.o)
    0x0800036a   0x0800036a   0x00000002   PAD
    0x0800036c   0x0800036c   0x00000010   Code   RO         6242    .text               c_w.l(rt_ctype_table.o)
    0x0800037c   0x0800037c   0x00000048   Code   RO         6246    .text               c_w.l(llsdiv.o)
    0x080003c4   0x080003c4   0x0000001a   Code   RO         6250    .text               c_w.l(atoi.o)
    0x080003de   0x080003de   0x00000014   Code   RO         6252    .text               c_w.l(strchr.o)
    0x080003f2   0x080003f2   0x00000024   Code   RO         6254    .text               c_w.l(strstr.o)
    0x08000416   0x08000416   0x00000058   Code   RO         6256    .text               c_w.l(memcmp.o)
    0x0800046e   0x0800046e   0x00000048   Code   RO         6258    .text               c_w.l(strcpy.o)
    0x080004b6   0x080004b6   0x00000016   Code   RO         6260    .text               c_w.l(strrchr.o)
    0x080004cc   0x080004cc   0x0000003e   Code   RO         6262    .text               c_w.l(strlen.o)
    0x0800050a   0x0800050a   0x00000096   Code   RO         6264    .text               c_w.l(strncmp.o)
    0x080005a0   0x080005a0   0x00000018   Code   RO         6266    .text               c_w.l(strcat.o)
    0x080005b8   0x080005b8   0x0000004e   Code   RO         6268    .text               c_w.l(rt_memclr_w.o)
    0x08000606   0x08000606   0x00000056   Code   RO         6270    .text               c_w.l(strncpy.o)
    0x0800065c   0x0800065c   0x00000080   Code   RO         6272    .text               c_w.l(strcmpv7m.o)
    0x080006dc   0x080006dc   0x00000006   Code   RO         6274    .text               c_w.l(heapauxi.o)
    0x080006e2   0x080006e2   0x00000002   PAD
    0x080006e4   0x080006e4   0x00000008   Code   RO         6288    .text               c_w.l(rt_locale_intlibspace.o)
    0x080006ec   0x080006ec   0x00000008   Code   RO         6293    .text               c_w.l(rt_errno_addr_intlibspace.o)
    0x080006f4   0x080006f4   0x000000ee   Code   RO         6295    .text               c_w.l(lludivv7m.o)
    0x080007e2   0x080007e2   0x00000070   Code   RO         6297    .text               c_w.l(strtol.o)
    0x08000852   0x08000852   0x00000044   Code   RO         6302    .text               c_w.l(rt_memclr.o)
    0x08000896   0x08000896   0x00000002   PAD
    0x08000898   0x08000898   0x00000008   Code   RO         6305    .text               c_w.l(libspace.o)
    0x080008a0   0x080008a0   0x0000009e   Code   RO         6327    .text               c_w.l(_strtoul.o)
    0x0800093e   0x0800093e   0x0000004a   Code   RO         6374    .text               c_w.l(sys_stackheap_outer.o)
    0x08000988   0x08000988   0x0000001c   Code   RO         6378    .text               c_w.l(_chval.o)
    0x080009a4   0x080009a4   0x00000012   Code   RO         6380    .text               c_w.l(exit.o)
    0x080009b6   0x080009b6   0x0000000a   Code   RO         3490    i.$Sub$$main        components.o
    0x080009c0   0x080009c0   0x0000002c   Code   RO         5448    i.DMA_SetConfig     stm32f1xx_hal_dma.o
    0x080009ec   0x080009ec   0x00000012   Code   RO         1851    i.EXTI0_IRQHandler  drv_gpio.o
    0x080009fe   0x080009fe   0x0000003c   Code   RO         1852    i.EXTI15_10_IRQHandler  drv_gpio.o
    0x08000a3a   0x08000a3a   0x00000012   Code   RO         1853    i.EXTI1_IRQHandler  drv_gpio.o
    0x08000a4c   0x08000a4c   0x00000012   Code   RO         1854    i.EXTI2_IRQHandler  drv_gpio.o
    0x08000a5e   0x08000a5e   0x00000012   Code   RO         1855    i.EXTI3_IRQHandler  drv_gpio.o
    0x08000a70   0x08000a70   0x00000012   Code   RO         1856    i.EXTI4_IRQHandler  drv_gpio.o
    0x08000a82   0x08000a82   0x0000002e   Code   RO         1857    i.EXTI9_5_IRQHandler  drv_gpio.o
    0x08000ab0   0x08000ab0   0x00000056   Code   RO         5449    i.HAL_DMA_Abort     stm32f1xx_hal_dma.o
    0x08000b06   0x08000b06   0x00000002   PAD
    0x08000b08   0x08000b08   0x000001a8   Code   RO         5450    i.HAL_DMA_Abort_IT  stm32f1xx_hal_dma.o
    0x08000cb0   0x08000cb0   0x0000008c   Code   RO         5451    i.HAL_DMA_DeInit    stm32f1xx_hal_dma.o
    0x08000d3c   0x08000d3c   0x0000008c   Code   RO         5455    i.HAL_DMA_Init      stm32f1xx_hal_dma.o
    0x08000dc8   0x08000dc8   0x0000009c   Code   RO         5459    i.HAL_DMA_Start_IT  stm32f1xx_hal_dma.o
    0x08000e64   0x08000e64   0x00000154   Code   RO         6175    i.HAL_GPIO_DeInit   stm32f1xx_hal_gpio.o
    0x08000fb8   0x08000fb8   0x00000030   Code   RO         1858    i.HAL_GPIO_EXTI_Callback  drv_gpio.o
    0x08000fe8   0x08000fe8   0x0000001c   Code   RO         6177    i.HAL_GPIO_EXTI_IRQHandler  stm32f1xx_hal_gpio.o
    0x08001004   0x08001004   0x00000340   Code   RO         6178    i.HAL_GPIO_Init     stm32f1xx_hal_gpio.o
    0x08001344   0x08001344   0x00000010   Code   RO         6180    i.HAL_GPIO_ReadPin  stm32f1xx_hal_gpio.o
    0x08001354   0x08001354   0x0000000c   Code   RO         6182    i.HAL_GPIO_WritePin  stm32f1xx_hal_gpio.o
    0x08001360   0x08001360   0x0000001c   Code   RO         1745    i.HAL_GetTick       drv_common.o
    0x0800137c   0x0800137c   0x00000018   Code   RO         1746    i.HAL_IncTick       drv_common.o
    0x08001394   0x08001394   0x00000028   Code   RO         5983    i.HAL_Init          stm32f1xx_hal.o
    0x080013bc   0x080013bc   0x0000000c   Code   RO         1747    i.HAL_InitTick      drv_common.o
    0x080013c8   0x080013c8   0x00000054   Code   RO         2137    i.HAL_MspInit       stm32f1xx_hal_msp.o
    0x0800141c   0x0800141c   0x00000044   Code   RO         5059    i.HAL_NVIC_DisableIRQ  stm32f1xx_hal_cortex.o
    0x08001460   0x08001460   0x00000020   Code   RO         5060    i.HAL_NVIC_EnableIRQ  stm32f1xx_hal_cortex.o
    0x08001480   0x08001480   0x0000007c   Code   RO         5066    i.HAL_NVIC_SetPriority  stm32f1xx_hal_cortex.o
    0x080014fc   0x080014fc   0x00000028   Code   RO         5067    i.HAL_NVIC_SetPriorityGrouping  stm32f1xx_hal_cortex.o
    0x08001524   0x08001524   0x00000130   Code   RO         5020    i.HAL_RCCEx_PeriphCLKConfig  stm32f1xx_hal_rcc_ex.o
    0x08001654   0x08001654   0x0000018c   Code   RO         5217    i.HAL_RCC_ClockConfig  stm32f1xx_hal_rcc.o
    0x080017e0   0x080017e0   0x0000000c   Code   RO         5222    i.HAL_RCC_GetHCLKFreq  stm32f1xx_hal_rcc.o
    0x080017ec   0x080017ec   0x00000020   Code   RO         5224    i.HAL_RCC_GetPCLK1Freq  stm32f1xx_hal_rcc.o
    0x0800180c   0x0800180c   0x00000020   Code   RO         5225    i.HAL_RCC_GetPCLK2Freq  stm32f1xx_hal_rcc.o
    0x0800182c   0x0800182c   0x00000094   Code   RO         5226    i.HAL_RCC_GetSysClockFreq  stm32f1xx_hal_rcc.o
    0x080018c0   0x080018c0   0x00000464   Code   RO         5229    i.HAL_RCC_OscConfig  stm32f1xx_hal_rcc.o
    0x08001d24   0x08001d24   0x00000034   Code   RO         5071    i.HAL_SYSTICK_Config  stm32f1xx_hal_cortex.o
    0x08001d58   0x08001d58   0x00000002   Code   RO         5609    i.HAL_UARTEx_RxEventCallback  stm32f1xx_hal_uart.o
    0x08001d5a   0x08001d5a   0x0000003c   Code   RO         5622    i.HAL_UART_DeInit   stm32f1xx_hal_uart.o
    0x08001d96   0x08001d96   0x00000002   PAD
    0x08001d98   0x08001d98   0x0000002c   Code   RO         1966    i.HAL_UART_ErrorCallback  drv_usart.o
    0x08001dc4   0x08001dc4   0x0000024c   Code   RO         5626    i.HAL_UART_IRQHandler  stm32f1xx_hal_uart.o
    0x08002010   0x08002010   0x00000072   Code   RO         5627    i.HAL_UART_Init     stm32f1xx_hal_uart.o
    0x08002082   0x08002082   0x00000002   PAD
    0x08002084   0x08002084   0x0000007c   Code   RO         2147    i.HAL_UART_MspDeInit  stm32f1xx_hal_msp.o
    0x08002100   0x08002100   0x00000160   Code   RO         2148    i.HAL_UART_MspInit  stm32f1xx_hal_msp.o
    0x08002260   0x08002260   0x00000042   Code   RO         5631    i.HAL_UART_Receive_DMA  stm32f1xx_hal_uart.o
    0x080022a2   0x080022a2   0x00000002   PAD
    0x080022a4   0x080022a4   0x00000034   Code   RO         1967    i.HAL_UART_RxCpltCallback  drv_usart.o
    0x080022d8   0x080022d8   0x00000034   Code   RO         1968    i.HAL_UART_RxHalfCpltCallback  drv_usart.o
    0x0800230c   0x0800230c   0x0000009c   Code   RO         5636    i.HAL_UART_Transmit_DMA  stm32f1xx_hal_uart.o
    0x080023a8   0x080023a8   0x00000034   Code   RO         1969    i.HAL_UART_TxCpltCallback  drv_usart.o
    0x080023dc   0x080023dc   0x00000002   Code   RO         5639    i.HAL_UART_TxHalfCpltCallback  stm32f1xx_hal_uart.o
    0x080023de   0x080023de   0x00000002   PAD
    0x080023e0   0x080023e0   0x00000028   Code   RO         5230    i.RCC_Delay         stm32f1xx_hal_rcc.o
    0x08002408   0x08002408   0x00000020   Code   RO         1750    i.SysTick_Handler   drv_common.o
    0x08002428   0x08002428   0x000000a4   Code   RO         2260    i.SystemClock_Config  board.o
    0x080024cc   0x080024cc   0x00000002   Code   RO         5562    i.SystemInit        system_stm32f1xx.o
    0x080024ce   0x080024ce   0x00000014   Code   RO         5640    i.UART_DMAAbortOnError  stm32f1xx_hal_uart.o
    0x080024e2   0x080024e2   0x00000050   Code   RO         5641    i.UART_DMAError     stm32f1xx_hal_uart.o
    0x08002532   0x08002532   0x00000068   Code   RO         5642    i.UART_DMAReceiveCplt  stm32f1xx_hal_uart.o
    0x0800259a   0x0800259a   0x00000020   Code   RO         5644    i.UART_DMARxHalfCplt  stm32f1xx_hal_uart.o
    0x080025ba   0x080025ba   0x00000036   Code   RO         5646    i.UART_DMATransmitCplt  stm32f1xx_hal_uart.o
    0x080025f0   0x080025f0   0x0000000e   Code   RO         5648    i.UART_DMATxHalfCplt  stm32f1xx_hal_uart.o
    0x080025fe   0x080025fe   0x00000036   Code   RO         5650    i.UART_EndRxTransfer  stm32f1xx_hal_uart.o
    0x08002634   0x08002634   0x00000020   Code   RO         5651    i.UART_EndTransmit_IT  stm32f1xx_hal_uart.o
    0x08002654   0x08002654   0x00000014   Code   RO         5652    i.UART_EndTxTransfer  stm32f1xx_hal_uart.o
    0x08002668   0x08002668   0x000000e4   Code   RO         5653    i.UART_Receive_IT   stm32f1xx_hal_uart.o
    0x0800274c   0x0800274c   0x000000fc   Code   RO         5654    i.UART_SetConfig    stm32f1xx_hal_uart.o
    0x08002848   0x08002848   0x00000098   Code   RO         5655    i.UART_Start_Receive_DMA  stm32f1xx_hal_uart.o
    0x080028e0   0x080028e0   0x00000060   Code   RO         5657    i.UART_Transmit_IT  stm32f1xx_hal_uart.o
    0x08002940   0x08002940   0x00000018   Code   RO         1970    i.USART1_IRQHandler  drv_usart.o
    0x08002958   0x08002958   0x00000018   Code   RO         1971    i.USART2_IRQHandler  drv_usart.o
    0x08002970   0x08002970   0x00000064   Code   RO         1751    i._Error_Handler    drv_common.o
    0x080029d4   0x080029d4   0x00000010   Code   RO         5073    i.__NVIC_GetPriorityGrouping  stm32f1xx_hal_cortex.o
    0x080029e4   0x080029e4   0x00000028   Code   RO         5074    i.__NVIC_SetPriority  stm32f1xx_hal_cortex.o
    0x08002a0c   0x08002a0c   0x00000064   Code   RO          391    i.__rt_libc_exit    cstdlib.o
    0x08002a70   0x08002a70   0x00000050   Code   RO         1972    i._dma_tx_complete  drv_usart.o
    0x08002ac0   0x08002ac0   0x0000001a   Code   RO         2788    i._get_path_lastname  dfs_file.o
    0x08002ada   0x08002ada   0x00000002   PAD
    0x08002adc   0x08002adc   0x0000001c   Code   RO         4136    i._heap_lock        kservice.o
    0x08002af8   0x08002af8   0x00000038   Code   RO         4137    i._heap_unlock      kservice.o
    0x08002b30   0x08002b30   0x00000018   Code   RO         3617    i._ipc_list_resume  ipc.o
    0x08002b48   0x08002b48   0x0000009c   Code   RO         3619    i._ipc_list_suspend  ipc.o
    0x08002be4   0x08002be4   0x00000010   Code   RO         3620    i._ipc_object_init  ipc.o
    0x08002bf4   0x08002bf4   0x0000009c   Code   RO         3085    i._msh_exec_cmd     msh.o
    0x08002c90   0x08002c90   0x00000088   Code   RO         1521    i._pin_cmd          pin.o
    0x08002d18   0x08002d18   0x0000000c   Code   RO         1522    i._pin_cmd_conv     pin.o
    0x08002d24   0x08002d24   0x00000060   Code   RO         1523    i._pin_cmd_get      pin.o
    0x08002d84   0x08002d84   0x000000f0   Code   RO         1524    i._pin_cmd_mode     pin.o
    0x08002e74   0x08002e74   0x00000180   Code   RO         1525    i._pin_cmd_print_usage  pin.o
    0x08002ff4   0x08002ff4   0x0000009c   Code   RO         1526    i._pin_cmd_read     pin.o
    0x08003090   0x08003090   0x000000b0   Code   RO         1527    i._pin_cmd_write    pin.o
    0x08003140   0x08003140   0x00000048   Code   RO         1528    i._pin_control      pin.o
    0x08003188   0x08003188   0x00000054   Code   RO         1529    i._pin_read         pin.o
    0x080031dc   0x080031dc   0x00000054   Code   RO         1530    i._pin_write        pin.o
    0x08003230   0x08003230   0x00000338   Code   RO         3626    i._rt_mutex_take    ipc.o
    0x08003568   0x08003568   0x0000025c   Code   RO         3627    i._rt_sem_take      ipc.o
    0x080037c4   0x080037c4   0x00000028   Code   RO         4631    i._scheduler_get_highest_priority_thread  scheduler_up.o
    0x080037ec   0x080037ec   0x000000c4   Code   RO         4632    i._scheduler_stack_check  scheduler_up.o
    0x080038b0   0x080038b0   0x00000048   Code   RO         1635    i._serial_check_buffer_size  serial.o
    0x080038f8   0x080038f8   0x00000194   Code   RO         1636    i._serial_dma_rx    serial.o
    0x08003a8c   0x08003a8c   0x0000005c   Code   RO         1637    i._serial_dma_tx    serial.o
    0x08003ae8   0x08003ae8   0x00000064   Code   RO         1638    i._serial_fifo_calc_recved_len  serial.o
    0x08003b4c   0x08003b4c   0x000000b8   Code   RO         1639    i._serial_int_rx    serial.o
    0x08003c04   0x08003c04   0x0000009c   Code   RO         1640    i._serial_int_tx    serial.o
    0x08003ca0   0x08003ca0   0x00000064   Code   RO         1641    i._serial_poll_rx   serial.o
    0x08003d04   0x08003d04   0x00000054   Code   RO         1642    i._serial_poll_tx   serial.o
    0x08003d58   0x08003d58   0x0000000e   Code   RO          259    i._sys_exit         syscalls.o
    0x08003d66   0x08003d66   0x00000034   Code   RO         4716    i._thread_exit      thread.o
    0x08003d9a   0x08003d9a   0x00000038   Code   RO         3628    i._thread_get_mutex_priority  ipc.o
    0x08003dd2   0x08003dd2   0x00000002   PAD
    0x08003dd4   0x08003dd4   0x000000e4   Code   RO         4717    i._thread_init      thread.o
    0x08003eb8   0x08003eb8   0x00000084   Code   RO         4718    i._thread_timeout   thread.o
    0x08003f3c   0x08003f3c   0x000000b8   Code   RO         3629    i._thread_update_priority  ipc.o
    0x08003ff4   0x08003ff4   0x00000042   Code   RO         4880    i._timer_init       timer.o
    0x08004036   0x08004036   0x00000038   Code   RO         4881    i._timer_list_next_timeout  timer.o
    0x0800406e   0x0800406e   0x0000001c   Code   RO         4882    i._timer_remove     timer.o
    0x0800408a   0x0800408a   0x00000002   PAD
    0x0800408c   0x0800408c   0x0000004c   Code   RO         4883    i._timer_thread_entry  timer.o
    0x080040d8   0x080040d8   0x0000001e   Code   RO         1859    i.bit2bitno         drv_gpio.o
    0x080040f6   0x080040f6   0x0000001e   Code   RO         2789    i.bkdr_hash         dfs_file.o
    0x08004114   0x08004114   0x000000fc   Code   RO          836    i.bus_fault_track   cpuport.o
    0x08004210   0x08004210   0x00000088   Code   RO         2790    i.cat               dfs_file.o
    0x08004298   0x08004298   0x00000094   Code   RO         2282    i.chdir             dfs_posix.o
    0x0800432c   0x0800432c   0x00000014   Code   RO         3232    i.clear             cmd.o
    0x08004340   0x08004340   0x0000003e   Code   RO         2283    i.close             dfs_posix.o
    0x0800437e   0x0800437e   0x00000044   Code   RO         2284    i.closedir          dfs_posix.o
    0x080043c2   0x080043c2   0x00000002   PAD
    0x080043c4   0x080043c4   0x00000060   Code   RO         3349    i.cmd_cat           msh_file.o
    0x08004424   0x08004424   0x0000004c   Code   RO         3350    i.cmd_cd            msh_file.o
    0x08004470   0x08004470   0x00000054   Code   RO         3351    i.cmd_cp            msh_file.o
    0x080044c4   0x080044c4   0x00000054   Code   RO         3352    i.cmd_df            msh_file.o
    0x08004518   0x08004518   0x0000009c   Code   RO         3353    i.cmd_echo          msh_file.o
    0x080045b4   0x080045b4   0x00000080   Code   RO         3086    i.cmd_free          msh.o
    0x08004634   0x08004634   0x000000c0   Code   RO         3233    i.cmd_list          cmd.o
    0x080046f4   0x080046f4   0x00000020   Code   RO         3354    i.cmd_ls            msh_file.o
    0x08004714   0x08004714   0x00000080   Code   RO         3355    i.cmd_mkdir         msh_file.o
    0x08004794   0x08004794   0x00000094   Code   RO         3356    i.cmd_mkfs          msh_file.o
    0x08004828   0x08004828   0x000001b8   Code   RO         3357    i.cmd_mount         msh_file.o
    0x080049e0   0x080049e0   0x00000138   Code   RO         3358    i.cmd_mv            msh_file.o
    0x08004b18   0x08004b18   0x0000000e   Code   RO         3087    i.cmd_ps            msh.o
    0x08004b26   0x08004b26   0x00000002   PAD
    0x08004b28   0x08004b28   0x0000001c   Code   RO         3359    i.cmd_pwd           msh_file.o
    0x08004b44   0x08004b44   0x000001dc   Code   RO         3360    i.cmd_rm            msh_file.o
    0x08004d20   0x08004d20   0x000001fc   Code   RO         3361    i.cmd_tail          msh_file.o
    0x08004f1c   0x08004f1c   0x00000088   Code   RO         3362    i.cmd_umount        msh_file.o
    0x08004fa4   0x08004fa4   0x0000016c   Code   RO         2791    i.copy              dfs_file.o
    0x08005110   0x08005110   0x0000013c   Code   RO         2792    i.copydir           dfs_file.o
    0x0800524c   0x0800524c   0x00000118   Code   RO         2793    i.copyfile          dfs_file.o
    0x08005364   0x08005364   0x00000168   Code   RO         2552    i.df                dfs_fs.o
    0x080054cc   0x080054cc   0x00000008   Code   RO         2620    i.dfs_fdtable_get   dfs.o
    0x080054d4   0x080054d4   0x00000070   Code   RO         2794    i.dfs_file_close    dfs_file.o
    0x08005544   0x08005544   0x0000003c   Code   RO         2797    i.dfs_file_getdents  dfs_file.o
    0x08005580   0x08005580   0x00000038   Code   RO         2799    i.dfs_file_is_open  dfs_file.o
    0x080055b8   0x080055b8   0x00000038   Code   RO         2622    i.dfs_file_lock     dfs.o
    0x080055f0   0x080055f0   0x00000034   Code   RO         2800    i.dfs_file_lseek    dfs_file.o
    0x08005624   0x08005624   0x00000184   Code   RO         2802    i.dfs_file_open     dfs_file.o
    0x080057a8   0x080057a8   0x00000040   Code   RO         2803    i.dfs_file_read     dfs_file.o
    0x080057e8   0x080057e8   0x000000c6   Code   RO         2804    i.dfs_file_rename   dfs_file.o
    0x080058ae   0x080058ae   0x00000002   PAD
    0x080058b0   0x080058b0   0x0000013c   Code   RO         2805    i.dfs_file_stat     dfs_file.o
    0x080059ec   0x080059ec   0x0000009c   Code   RO         2806    i.dfs_file_unlink   dfs_file.o
    0x08005a88   0x08005a88   0x00000010   Code   RO         2623    i.dfs_file_unlock   dfs.o
    0x08005a98   0x08005a98   0x0000002e   Code   RO         2807    i.dfs_file_write    dfs_file.o
    0x08005ac6   0x08005ac6   0x00000002   PAD
    0x08005ac8   0x08005ac8   0x00000084   Code   RO         2555    i.dfs_filesystem_lookup  dfs_fs.o
    0x08005b4c   0x08005b4c   0x00000014   Code   RO         2808    i.dfs_fm_lock       dfs_file.o
    0x08005b60   0x08005b60   0x00000010   Code   RO         2809    i.dfs_fm_unlock     dfs_file.o
    0x08005b70   0x08005b70   0x000000a4   Code   RO         2624    i.dfs_init          dfs.o
    0x08005c14   0x08005c14   0x00000038   Code   RO         2625    i.dfs_lock          dfs.o
    0x08005c4c   0x08005c4c   0x0000016c   Code   RO         2556    i.dfs_mkfs          dfs_fs.o
    0x08005db8   0x08005db8   0x00000220   Code   RO         2557    i.dfs_mount         dfs_fs.o
    0x08005fd8   0x08005fd8   0x0000019c   Code   RO         2626    i.dfs_normalize_path  dfs.o
    0x08006174   0x08006174   0x00000030   Code   RO         2559    i.dfs_statfs        dfs_fs.o
    0x080061a4   0x080061a4   0x00000038   Code   RO         2627    i.dfs_subdir        dfs.o
    0x080061dc   0x080061dc   0x00000010   Code   RO         2628    i.dfs_unlock        dfs.o
    0x080061ec   0x080061ec   0x000000a0   Code   RO         2560    i.dfs_unmount       dfs_fs.o
    0x0800628c   0x0800628c   0x0000004c   Code   RO         2810    i.dfs_vnode_find    dfs_file.o
    0x080062d8   0x080062d8   0x00000034   Code   RO         2812    i.dfs_vnode_mgr_init  dfs_file.o
    0x0800630c   0x0800630c   0x00000128   Code   RO         3363    i.directory_delete_for_msh  msh_file.o
    0x08006434   0x08006434   0x000000bc   Code   RO         1973    i.dma_recv_isr      drv_usart.o
    0x080064f0   0x080064f0   0x00000048   Code   RO         2629    i.fd_alloc          dfs.o
    0x08006538   0x08006538   0x00000014   Code   RO         2631    i.fd_get            dfs.o
    0x0800654c   0x0800654c   0x00000016   Code   RO         2634    i.fd_init           dfs.o
    0x08006562   0x08006562   0x00000012   Code   RO         2636    i.fd_new            dfs.o
    0x08006574   0x08006574   0x00000014   Code   RO         2637    i.fd_release        dfs.o
    0x08006588   0x08006588   0x0000003c   Code   RO         2638    i.fd_slot_alloc     dfs.o
    0x080065c4   0x080065c4   0x0000005e   Code   RO         2639    i.fd_slot_expand    dfs.o
    0x08006622   0x08006622   0x0000003a   Code   RO         2640    i.fdt_fd_get        dfs.o
    0x0800665c   0x0800665c   0x00000088   Code   RO         2641    i.fdt_fd_new        dfs.o
    0x080066e4   0x080066e4   0x000000bc   Code   RO         2642    i.fdt_fd_release    dfs.o
    0x080067a0   0x080067a0   0x00000078   Code   RO         2968    i.finsh_get_prompt  shell.o
    0x08006818   0x08006818   0x00000084   Code   RO         2970    i.finsh_getchar     shell.o
    0x0800689c   0x0800689c   0x00000040   Code   RO         2971    i.finsh_rx_ind      shell.o
    0x080068dc   0x080068dc   0x000000e0   Code   RO         2972    i.finsh_set_device  shell.o
    0x080069bc   0x080069bc   0x00000048   Code   RO         2975    i.finsh_set_prompt_mode  shell.o
    0x08006a04   0x08006a04   0x00000014   Code   RO         2976    i.finsh_system_function_init  shell.o
    0x08006a18   0x08006a18   0x0000009c   Code   RO         2977    i.finsh_system_init  shell.o
    0x08006ab4   0x08006ab4   0x00000500   Code   RO         2978    i.finsh_thread_entry  shell.o
    0x08006fb4   0x08006fb4   0x00000028   Code   RO         2291    i.getcwd            dfs_posix.o
    0x08006fdc   0x08006fdc   0x00000080   Code   RO          837    i.hard_fault_track  cpuport.o
    0x0800705c   0x0800705c   0x00000024   Code   RO         3559    i.idle_thread_entry  idle.o
    0x08007080   0x08007080   0x0000012c   Code   RO         3234    i.list_device       cmd.o
    0x080071ac   0x080071ac   0x0000014c   Code   RO         3235    i.list_event        cmd.o
    0x080072f8   0x080072f8   0x00000170   Code   RO         2643    i.list_fd           dfs.o
    0x08007468   0x08007468   0x0000002a   Code   RO         3236    i.list_find_init    cmd.o
    0x08007492   0x08007492   0x00000088   Code   RO         3237    i.list_get_next     cmd.o
    0x0800751a   0x0800751a   0x00000002   PAD
    0x0800751c   0x0800751c   0x0000015c   Code   RO         3238    i.list_mailbox      cmd.o
    0x08007678   0x08007678   0x00000178   Code   RO         3239    i.list_mempool      cmd.o
    0x080077f0   0x080077f0   0x0000014c   Code   RO         3240    i.list_msgqueue     cmd.o
    0x0800793c   0x0800793c   0x00000198   Code   RO         3241    i.list_mutex        cmd.o
    0x08007ad4   0x08007ad4   0x00000140   Code   RO         3242    i.list_sem          cmd.o
    0x08007c14   0x08007c14   0x00000230   Code   RO         3243    i.list_thread       cmd.o
    0x08007e44   0x08007e44   0x000001ac   Code   RO         3244    i.list_timer        cmd.o
    0x08007ff0   0x08007ff0   0x0000012c   Code   RO         2813    i.ls                dfs_file.o
    0x0800811c   0x0800811c   0x00000080   Code   RO         2293    i.lseek             dfs_posix.o
    0x0800819c   0x0800819c   0x0000002c   Code   RO            4    i.main              main.o
    0x080081c8   0x080081c8   0x0000000e   Code   RO         3491    i.main_thread_entry  components.o
    0x080081d6   0x080081d6   0x00000002   PAD
    0x080081d8   0x080081d8   0x000000e8   Code   RO          838    i.mem_manage_fault_track  cpuport.o
    0x080082c0   0x080082c0   0x00000060   Code   RO         2294    i.mkdir             dfs_posix.o
    0x08008320   0x08008320   0x000000ac   Code   RO         3088    i.msh_auto_complete  msh.o
    0x080083cc   0x080083cc   0x000001f8   Code   RO         3089    i.msh_auto_complete_path  msh.o
    0x080085c4   0x080085c4   0x00000038   Code   RO         3090    i.msh_cmd_opt_id_get  msh.o
    0x080085fc   0x080085fc   0x00000080   Code   RO         3091    i.msh_exec          msh.o
    0x0800867c   0x0800867c   0x0000013c   Code   RO         3364    i.msh_exec_script   msh_file.o
    0x080087b8   0x080087b8   0x0000002c   Code   RO         3092    i.msh_get_argc      msh.o
    0x080087e4   0x080087e4   0x00000040   Code   RO         3093    i.msh_get_cmd       msh.o
    0x08008824   0x08008824   0x0000005c   Code   RO         3094    i.msh_get_cmd_opt   msh.o
    0x08008880   0x08008880   0x00000064   Code   RO         3095    i.msh_help          msh.o
    0x080088e4   0x080088e4   0x0000003c   Code   RO         3206    i.msh_isint         msh_parse.o
    0x08008920   0x08008920   0x0000006e   Code   RO         3096    i.msh_opt_auto_complete  msh.o
    0x0800898e   0x0800898e   0x00000002   PAD
    0x08008990   0x08008990   0x00000074   Code   RO         3097    i.msh_opt_complete  msh.o
    0x08008a04   0x08008a04   0x00000034   Code   RO         3098    i.msh_opt_help      msh.o
    0x08008a38   0x08008a38   0x00000030   Code   RO         3099    i.msh_opt_list_dump  msh.o
    0x08008a68   0x08008a68   0x0000007a   Code   RO         3365    i.msh_readline      msh_file.o
    0x08008ae2   0x08008ae2   0x00000002   PAD
    0x08008ae4   0x08008ae4   0x000000f0   Code   RO         3100    i.msh_split         msh.o
    0x08008bd4   0x08008bd4   0x0000001c   Code   RO         3245    i.object_split      cmd.o
    0x08008bf0   0x08008bf0   0x00000050   Code   RO         2295    i.open              dfs_posix.o
    0x08008c40   0x08008c40   0x00000074   Code   RO         2297    i.opendir           dfs_posix.o
    0x08008cb4   0x08008cb4   0x000000e8   Code   RO         4387    i.plug_holes        mem.o
    0x08008d9c   0x08008d9c   0x0000022c   Code   RO         4139    i.print_number      kservice.o
    0x08008fc8   0x08008fc8   0x00000044   Code   RO         2298    i.read              dfs_posix.o
    0x0800900c   0x0800900c   0x00000078   Code   RO         2299    i.readdir           dfs_posix.o
    0x08009084   0x08009084   0x0000000c   Code   RO         1752    i.reboot            drv_common.o
    0x08009090   0x08009090   0x00000024   Code   RO         2300    i.rename            dfs_posix.o
    0x080090b4   0x080090b4   0x00000032   Code   RO         2301    i.rewinddir         dfs_posix.o
    0x080090e6   0x080090e6   0x00000020   Code   RO         2302    i.rmdir             dfs_posix.o
    0x08009106   0x08009106   0x00000002   PAD
    0x08009108   0x08009108   0x00000050   Code   RO         3492    i.rt_application_init  components.o
    0x08009158   0x08009158   0x00000074   Code   RO         4140    i.rt_assert_handler  kservice.o
    0x080091cc   0x080091cc   0x00000022   Code   RO         4142    i.rt_calloc         kservice.o
    0x080091ee   0x080091ee   0x00000002   PAD
    0x080091f0   0x080091f0   0x00000068   Code   RO          980    i.rt_completion_done  completion.o
    0x08009258   0x08009258   0x00000048   Code   RO          981    i.rt_completion_init  completion.o
    0x080092a0   0x080092a0   0x00000268   Code   RO          982    i.rt_completion_wait  completion.o
    0x08009508   0x08009508   0x0000001c   Code   RO         3493    i.rt_components_board_init  components.o
    0x08009524   0x08009524   0x0000001c   Code   RO         3494    i.rt_components_init  components.o
    0x08009540   0x08009540   0x0000000c   Code   RO         4143    i.rt_console_get_device  kservice.o
    0x0800954c   0x0800954c   0x0000003c   Code   RO         4144    i.rt_console_set_device  kservice.o
    0x08009588   0x08009588   0x0000000c   Code   RO         4633    i.rt_critical_level  scheduler_up.o
    0x08009594   0x08009594   0x00000084   Code   RO         1013    i.rt_data_queue_deinit  dataqueue.o
    0x08009618   0x08009618   0x000000a4   Code   RO         1014    i.rt_data_queue_init  dataqueue.o
    0x080096bc   0x080096bc   0x000000b4   Code   RO         1015    i.rt_data_queue_len  dataqueue.o
    0x08009770   0x08009770   0x000000a4   Code   RO         1016    i.rt_data_queue_peek  dataqueue.o
    0x08009814   0x08009814   0x0000032c   Code   RO         1017    i.rt_data_queue_pop  dataqueue.o
    0x08009b40   0x08009b40   0x000002c8   Code   RO         1018    i.rt_data_queue_push  dataqueue.o
    0x08009e08   0x08009e08   0x000000f8   Code   RO         1019    i.rt_data_queue_reset  dataqueue.o
    0x08009f00   0x08009f00   0x00000040   Code   RO         3560    i.rt_defunct_execute  idle.o
    0x08009f40   0x08009f40   0x000000b0   Code   RO          892    i.rt_device_close   device.o
    0x08009ff0   0x08009ff0   0x0000000e   Code   RO          896    i.rt_device_find    device.o
    0x08009ffe   0x08009ffe   0x00000002   PAD
    0x0800a000   0x0800a000   0x00000194   Code   RO          898    i.rt_device_open    device.o
    0x0800a194   0x0800a194   0x00000048   Code   RO         1531    i.rt_device_pin_register  pin.o
    0x0800a1dc   0x0800a1dc   0x000000b4   Code   RO          899    i.rt_device_read    device.o
    0x0800a290   0x0800a290   0x00000034   Code   RO          900    i.rt_device_register  device.o
    0x0800a2c4   0x0800a2c4   0x00000080   Code   RO          901    i.rt_device_set_rx_indicate  device.o
    0x0800a344   0x0800a344   0x000000b4   Code   RO          904    i.rt_device_write   device.o
    0x0800a3f8   0x0800a3f8   0x0000000c   Code   RO         1643    i.rt_dma_calc_recved_len  serial.o
    0x0800a404   0x0800a404   0x0000009c   Code   RO         1644    i.rt_dma_recv_update_get_index  serial.o
    0x0800a4a0   0x0800a4a0   0x000000a8   Code   RO         1645    i.rt_dma_recv_update_put_index  serial.o
    0x0800a548   0x0800a548   0x00000020   Code   RO         4634    i.rt_enter_critical  scheduler_up.o
    0x0800a568   0x0800a568   0x00000044   Code   RO         4635    i.rt_exit_critical  scheduler_up.o
    0x0800a5ac   0x0800a5ac   0x00000034   Code   RO         4145    i.rt_free           kservice.o
    0x0800a5e0   0x0800a5e0   0x00000028   Code   RO         4148    i.rt_get_errno      kservice.o
    0x0800a608   0x0800a608   0x00000038   Code   RO         1753    i.rt_hw_board_init  drv_common.o
    0x0800a640   0x0800a640   0x00000002   Code   RO         4149    i.rt_hw_console_output  kservice.o
    0x0800a642   0x0800a642   0x00000002   PAD
    0x0800a644   0x0800a644   0x00000010   Code   RO          839    i.rt_hw_cpu_reset   cpuport.o
    0x0800a654   0x0800a654   0x00000208   Code   RO          841    i.rt_hw_hard_fault_exception  cpuport.o
    0x0800a85c   0x0800a85c   0x00000004   Code   RO         4091    i.rt_hw_interrupt_is_disabled  irq.o
    0x0800a860   0x0800a860   0x000000d4   Code   RO         1860    i.rt_hw_pin_init    drv_gpio.o
    0x0800a934   0x0800a934   0x000001ec   Code   RO         1646    i.rt_hw_serial_isr  serial.o
    0x0800ab20   0x0800ab20   0x00000080   Code   RO         1647    i.rt_hw_serial_register  serial.o
    0x0800aba0   0x0800aba0   0x0000004c   Code   RO          842    i.rt_hw_stack_init  cpuport.o
    0x0800abec   0x0800abec   0x0000005c   Code   RO         1754    i.rt_hw_systick_init  drv_common.o
    0x0800ac48   0x0800ac48   0x000000dc   Code   RO         1974    i.rt_hw_usart_init  drv_usart.o
    0x0800ad24   0x0800ad24   0x00000034   Code   RO         4092    i.rt_interrupt_enter  irq.o
    0x0800ad58   0x0800ad58   0x0000001c   Code   RO         4094    i.rt_interrupt_get_nest  irq.o
    0x0800ad74   0x0800ad74   0x00000034   Code   RO         4095    i.rt_interrupt_leave  irq.o
    0x0800ada8   0x0800ada8   0x00000050   Code   RO         4154    i.rt_kprintf        kservice.o
    0x0800adf8   0x0800adf8   0x00000006   Code   RO         1020    i.rt_list_init      dataqueue.o
    0x0800adfe   0x0800adfe   0x00000006   Code   RO         2815    i.rt_list_init      dfs_file.o
    0x0800ae04   0x0800ae04   0x00000006   Code   RO         3639    i.rt_list_init      ipc.o
    0x0800ae0a   0x0800ae0a   0x00000006   Code   RO         4719    i.rt_list_init      thread.o
    0x0800ae10   0x0800ae10   0x00000006   Code   RO         4884    i.rt_list_init      timer.o
    0x0800ae16   0x0800ae16   0x0000000e   Code   RO         3640    i.rt_list_insert_after  ipc.o
    0x0800ae24   0x0800ae24   0x0000000e   Code   RO         4502    i.rt_list_insert_after  object.o
    0x0800ae32   0x0800ae32   0x0000000e   Code   RO         4885    i.rt_list_insert_after  timer.o
    0x0800ae40   0x0800ae40   0x0000000e   Code   RO         1021    i.rt_list_insert_before  dataqueue.o
    0x0800ae4e   0x0800ae4e   0x0000000e   Code   RO         3641    i.rt_list_insert_before  ipc.o
    0x0800ae5c   0x0800ae5c   0x00000010   Code   RO          983    i.rt_list_isempty   completion.o
    0x0800ae6c   0x0800ae6c   0x00000010   Code   RO         1022    i.rt_list_isempty   dataqueue.o
    0x0800ae7c   0x0800ae7c   0x00000010   Code   RO         3246    i.rt_list_isempty   cmd.o
    0x0800ae8c   0x0800ae8c   0x00000010   Code   RO         3642    i.rt_list_isempty   ipc.o
    0x0800ae9c   0x0800ae9c   0x00000010   Code   RO         4886    i.rt_list_isempty   timer.o
    0x0800aeac   0x0800aeac   0x00000014   Code   RO         3247    i.rt_list_len       cmd.o
    0x0800aec0   0x0800aec0   0x00000012   Code   RO         2816    i.rt_list_remove    dfs_file.o
    0x0800aed2   0x0800aed2   0x00000012   Code   RO         3643    i.rt_list_remove    ipc.o
    0x0800aee4   0x0800aee4   0x00000012   Code   RO         4503    i.rt_list_remove    object.o
    0x0800aef6   0x0800aef6   0x00000012   Code   RO         4720    i.rt_list_remove    thread.o
    0x0800af08   0x0800af08   0x00000012   Code   RO         4887    i.rt_list_remove    timer.o
    0x0800af1a   0x0800af1a   0x00000002   PAD
    0x0800af1c   0x0800af1c   0x0000003c   Code   RO         4156    i.rt_malloc         kservice.o
    0x0800af58   0x0800af58   0x00000080   Code   RO         4160    i.rt_memcpy         kservice.o
    0x0800afd8   0x0800afd8   0x00000042   Code   RO         4161    i.rt_memmove        kservice.o
    0x0800b01a   0x0800b01a   0x00000002   PAD
    0x0800b01c   0x0800b01c   0x00000044   Code   RO         4162    i.rt_memory_info    kservice.o
    0x0800b060   0x0800b060   0x00000060   Code   RO         4163    i.rt_memset         kservice.o
    0x0800b0c0   0x0800b0c0   0x00000064   Code   RO         3678    i.rt_mutex_drop_thread  ipc.o
    0x0800b124   0x0800b124   0x00000060   Code   RO         3680    i.rt_mutex_init     ipc.o
    0x0800b184   0x0800b184   0x000001e8   Code   RO         3681    i.rt_mutex_release  ipc.o
    0x0800b36c   0x0800b36c   0x00000012   Code   RO         3683    i.rt_mutex_take     ipc.o
    0x0800b37e   0x0800b37e   0x00000002   PAD
    0x0800b380   0x0800b380   0x000000ec   Code   RO         4504    i.rt_object_allocate  object.o
    0x0800b46c   0x0800b46c   0x000000a0   Code   RO         4506    i.rt_object_delete  object.o
    0x0800b50c   0x0800b50c   0x0000005c   Code   RO         4507    i.rt_object_detach  object.o
    0x0800b568   0x0800b568   0x000000ac   Code   RO         4509    i.rt_object_find    object.o
    0x0800b614   0x0800b614   0x00000028   Code   RO         4510    i.rt_object_get_information  object.o
    0x0800b63c   0x0800b63c   0x00000034   Code   RO         4514    i.rt_object_get_type  object.o
    0x0800b670   0x0800b670   0x000000b8   Code   RO         4515    i.rt_object_init    object.o
    0x0800b728   0x0800b728   0x0000003c   Code   RO         4516    i.rt_object_is_systemobject  object.o
    0x0800b764   0x0800b764   0x00000050   Code   RO         1534    i.rt_pin_get        pin.o
    0x0800b7b4   0x0800b7b4   0x00000048   Code   RO         1536    i.rt_pin_mode       pin.o
    0x0800b7fc   0x0800b7fc   0x00000044   Code   RO         1537    i.rt_pin_read       pin.o
    0x0800b840   0x0800b840   0x00000048   Code   RO         1538    i.rt_pin_write      pin.o
    0x0800b888   0x0800b888   0x0000002c   Code   RO         4164    i.rt_realloc        kservice.o
    0x0800b8b4   0x0800b8b4   0x00000158   Code   RO         4636    i.rt_schedule       scheduler_up.o
    0x0800ba0c   0x0800ba0c   0x000000c0   Code   RO         4637    i.rt_schedule_insert_thread  scheduler_up.o
    0x0800bacc   0x0800bacc   0x0000007c   Code   RO         4638    i.rt_schedule_remove_thread  scheduler_up.o
    0x0800bb48   0x0800bb48   0x000000bc   Code   RO         3691    i.rt_sem_init       ipc.o
    0x0800bc04   0x0800bc04   0x000000a4   Code   RO         3692    i.rt_sem_release    ipc.o
    0x0800bca8   0x0800bca8   0x00000012   Code   RO         3693    i.rt_sem_take       ipc.o
    0x0800bcba   0x0800bcba   0x00000002   PAD
    0x0800bcbc   0x0800bcbc   0x000001ac   Code   RO         1648    i.rt_serial_close   serial.o
    0x0800be68   0x0800be68   0x000000c4   Code   RO         1649    i.rt_serial_control  serial.o
    0x0800bf2c   0x0800bf2c   0x00000054   Code   RO         1650    i.rt_serial_init    serial.o
    0x0800bf80   0x0800bf80   0x000002ac   Code   RO         1651    i.rt_serial_open    serial.o
    0x0800c22c   0x0800c22c   0x0000006c   Code   RO         1652    i.rt_serial_read    serial.o
    0x0800c298   0x0800c298   0x0000006c   Code   RO         1653    i.rt_serial_write   serial.o
    0x0800c304   0x0800c304   0x0000002c   Code   RO         4165    i.rt_set_errno      kservice.o
    0x0800c330   0x0800c330   0x000000c4   Code   RO         4166    i.rt_show_version   kservice.o
    0x0800c3f4   0x0800c3f4   0x0000025c   Code   RO         4388    i.rt_smem_alloc     mem.o
    0x0800c650   0x0800c650   0x000001a0   Code   RO         4390    i.rt_smem_free      mem.o
    0x0800c7f0   0x0800c7f0   0x000000f0   Code   RO         4391    i.rt_smem_init      mem.o
    0x0800c8e0   0x0800c8e0   0x00000268   Code   RO         4392    i.rt_smem_realloc   mem.o
    0x0800cb48   0x0800cb48   0x00000028   Code   RO         4167    i.rt_snprintf       kservice.o
    0x0800cb70   0x0800cb70   0x000000e8   Code   RO         4888    i.rt_soft_timer_check  timer.o
    0x0800cc58   0x0800cc58   0x00000024   Code   RO         4168    i.rt_sprintf        kservice.o
    0x0800cc7c   0x0800cc7c   0x00000028   Code   RO         4169    i.rt_strdup         kservice.o
    0x0800cca4   0x0800cca4   0x00000038   Code   RO         4170    i.rt_strerror       kservice.o
    0x0800ccdc   0x0800ccdc   0x00000078   Code   RO         4172    i.rt_system_heap_init  kservice.o
    0x0800cd54   0x0800cd54   0x00000034   Code   RO         4641    i.rt_system_scheduler_init  scheduler_up.o
    0x0800cd88   0x0800cd88   0x00000028   Code   RO         4642    i.rt_system_scheduler_start  scheduler_up.o
    0x0800cdb0   0x0800cdb0   0x0000001c   Code   RO         4889    i.rt_system_timer_init  timer.o
    0x0800cdcc   0x0800cdcc   0x00000054   Code   RO         4890    i.rt_system_timer_thread_init  timer.o
    0x0800ce20   0x0800ce20   0x000000d8   Code   RO         4721    i.rt_thread_control  thread.o
    0x0800cef8   0x0800cef8   0x00000050   Code   RO         4722    i.rt_thread_create  thread.o
    0x0800cf48   0x0800cf48   0x0000003c   Code   RO         3561    i.rt_thread_defunct_dequeue  idle.o
    0x0800cf84   0x0800cf84   0x0000001c   Code   RO         3562    i.rt_thread_defunct_enqueue  idle.o
    0x0800cfa0   0x0800cfa0   0x0000000c   Code   RO         4723    i.rt_thread_delay   thread.o
    0x0800cfac   0x0800cfac   0x000000f8   Code   RO         4725    i.rt_thread_delete  thread.o
    0x0800d0a4   0x0800d0a4   0x000000ec   Code   RO         4726    i.rt_thread_detach  thread.o
    0x0800d190   0x0800d190   0x00000070   Code   RO         3565    i.rt_thread_idle_init  idle.o
    0x0800d200   0x0800d200   0x00000080   Code   RO         4729    i.rt_thread_init    thread.o
    0x0800d280   0x0800d280   0x00000014   Code   RO         4731    i.rt_thread_mdelay  thread.o
    0x0800d294   0x0800d294   0x00000094   Code   RO         4732    i.rt_thread_resume  thread.o
    0x0800d328   0x0800d328   0x0000000c   Code   RO         4734    i.rt_thread_self    thread.o
    0x0800d334   0x0800d334   0x0000006c   Code   RO         4735    i.rt_thread_set_suspend_state  thread.o
    0x0800d3a0   0x0800d3a0   0x000001fc   Code   RO         4736    i.rt_thread_sleep   thread.o
    0x0800d59c   0x0800d59c   0x000000b8   Code   RO         4737    i.rt_thread_startup  thread.o
    0x0800d654   0x0800d654   0x000000e4   Code   RO         4740    i.rt_thread_suspend_with_flag  thread.o
    0x0800d738   0x0800d738   0x00000038   Code   RO         3446    i.rt_tick_from_millisecond  clock.o
    0x0800d770   0x0800d770   0x0000000c   Code   RO         3447    i.rt_tick_get       clock.o
    0x0800d77c   0x0800d77c   0x00000064   Code   RO         3449    i.rt_tick_increase  clock.o
    0x0800d7e0   0x0800d7e0   0x000000d0   Code   RO         4891    i.rt_timer_check    timer.o
    0x0800d8b0   0x0800d8b0   0x00000138   Code   RO         4892    i.rt_timer_control  timer.o
    0x0800d9e8   0x0800d9e8   0x000000e0   Code   RO         4895    i.rt_timer_detach   timer.o
    0x0800dac8   0x0800dac8   0x000000a4   Code   RO         4898    i.rt_timer_init     timer.o
    0x0800db6c   0x0800db6c   0x000001c8   Code   RO         4900    i.rt_timer_start    timer.o
    0x0800dd34   0x0800dd34   0x000000c4   Code   RO         4901    i.rt_timer_stop     timer.o
    0x0800ddf8   0x0800ddf8   0x00000368   Code   RO         4173    i.rt_vsnprintf      kservice.o
    0x0800e160   0x0800e160   0x00000016   Code   RO         4174    i.rt_vsprintf       kservice.o
    0x0800e176   0x0800e176   0x00000004   Code   RO         3495    i.rti_board_end     components.o
    0x0800e17a   0x0800e17a   0x00000004   Code   RO         3496    i.rti_board_start   components.o
    0x0800e17e   0x0800e17e   0x00000004   Code   RO         3497    i.rti_end           components.o
    0x0800e182   0x0800e182   0x00000004   Code   RO         3498    i.rti_start         components.o
    0x0800e186   0x0800e186   0x0000002a   Code   RO         3499    i.rtthread_startup  components.o
    0x0800e1b0   0x0800e1b0   0x00000034   Code   RO         2979    i.shell_auto_complete  shell.o
    0x0800e1e4   0x0800e1e4   0x00000030   Code   RO         2980    i.shell_handle_history  shell.o
    0x0800e214   0x0800e214   0x000000dc   Code   RO         2981    i.shell_push_history  shell.o
    0x0800e2f0   0x0800e2f0   0x00000038   Code   RO         3248    i.show_wait_queue   cmd.o
    0x0800e328   0x0800e328   0x00000026   Code   RO         4175    i.skip_atoi         kservice.o
    0x0800e34e   0x0800e34e   0x00000024   Code   RO         2305    i.stat              dfs_posix.o
    0x0800e372   0x0800e372   0x00000002   PAD
    0x0800e374   0x0800e374   0x00000144   Code   RO         1975    i.stm32_configure   drv_usart.o
    0x0800e4b8   0x0800e4b8   0x00000150   Code   RO         1976    i.stm32_control     drv_usart.o
    0x0800e608   0x0800e608   0x000001bc   Code   RO         1977    i.stm32_dma_config  drv_usart.o
    0x0800e7c4   0x0800e7c4   0x00000078   Code   RO         1978    i.stm32_dma_transmit  drv_usart.o
    0x0800e83c   0x0800e83c   0x0000004c   Code   RO         1979    i.stm32_getc        drv_usart.o
    0x0800e888   0x0800e888   0x000000cc   Code   RO         1861    i.stm32_pin_attach_irq  drv_gpio.o
    0x0800e954   0x0800e954   0x0000008c   Code   RO         1862    i.stm32_pin_dettach_irq  drv_gpio.o
    0x0800e9e0   0x0800e9e0   0x00000098   Code   RO         1863    i.stm32_pin_get     drv_gpio.o
    0x0800ea78   0x0800ea78   0x000001c8   Code   RO         1864    i.stm32_pin_irq_enable  drv_gpio.o
    0x0800ec40   0x0800ec40   0x00000084   Code   RO         1865    i.stm32_pin_mode    drv_gpio.o
    0x0800ecc4   0x0800ecc4   0x00000044   Code   RO         1866    i.stm32_pin_read    drv_gpio.o
    0x0800ed08   0x0800ed08   0x0000003c   Code   RO         1867    i.stm32_pin_write   drv_gpio.o
    0x0800ed44   0x0800ed44   0x00000050   Code   RO         1980    i.stm32_putc        drv_usart.o
    0x0800ed94   0x0800ed94   0x00000018   Code   RO         1981    i.stm32_uart_get_dma_config  drv_usart.o
    0x0800edac   0x0800edac   0x00000020   Code   RO         1982    i.stm32_uart_get_mask  drv_usart.o
    0x0800edcc   0x0800edcc   0x00000020   Code   RO         3101    i.str_common        msh.o
    0x0800edec   0x0800edec   0x0000017c   Code   RO         1983    i.uart_isr          drv_usart.o
    0x0800ef68   0x0800ef68   0x00000020   Code   RO         2308    i.unlink            dfs_posix.o
    0x0800ef88   0x0800ef88   0x000000e8   Code   RO          843    i.usage_fault_track  cpuport.o
    0x0800f070   0x0800f070   0x0000000a   Code   RO         3249    i.version           cmd.o
    0x0800f07a   0x0800f07a   0x00000044   Code   RO         2309    i.write             dfs_posix.o
    0x0800f0be   0x0800f0be   0x00000002   PAD
    0x0800f0c0   0x0800f0c0   0x0000002c   Code   RO         6300    locale$$code        c_w.l(lc_ctype_c.o)
    0x0800f0ec   0x0800f0ec   0x000000ba   Data   RO          905    .constdata          device.o
    0x0800f1a6   0x0800f1a6   0x00000039   Data   RO          984    .constdata          completion.o
    0x0800f1df   0x0800f1df   0x00000086   Data   RO         1023    .constdata          dataqueue.o
    0x0800f265   0x0800f265   0x00000088   Data   RO         1540    .constdata          pin.o
    0x0800f2ed   0x0800f2ed   0x0000012a   Data   RO         1654    .constdata          serial.o
    0x0800f417   0x0800f417   0x00000001   PAD
    0x0800f418   0x0800f418   0x0000005c   Data   RO         1868    .constdata          drv_gpio.o
    0x0800f474   0x0800f474   0x00000110   Data   RO         1985    .constdata          drv_usart.o
    0x0800f584   0x0800f584   0x00000040   Data   RO         2562    .constdata          dfs_fs.o
    0x0800f5c4   0x0800f5c4   0x00000039   Data   RO         2647    .constdata          dfs.o
    0x0800f5fd   0x0800f5fd   0x00000087   Data   RO         2983    .constdata          shell.o
    0x0800f684   0x0800f684   0x0000000e   Data   RO         3102    .constdata          msh.o
    0x0800f692   0x0800f692   0x00000002   PAD
    0x0800f694   0x0800f694   0x0000007c   Data   RO         3250    .constdata          cmd.o
    0x0800f710   0x0800f710   0x00000014   Data   RO         3500    .constdata          components.o
    0x0800f724   0x0800f724   0x00000222   Data   RO         3697    .constdata          ipc.o
    0x0800f946   0x0800f946   0x00000060   Data   RO         4177    .constdata          kservice.o
    0x0800f9a6   0x0800f9a6   0x00000045   Data   RO         4393    .constdata          mem.o
    0x0800f9eb   0x0800f9eb   0x00000080   Data   RO         4520    .constdata          object.o
    0x0800fa6b   0x0800fa6b   0x0000004b   Data   RO         4644    .constdata          scheduler_up.o
    0x0800fab6   0x0800fab6   0x000000e1   Data   RO         4742    .constdata          thread.o
    0x0800fb97   0x0800fb97   0x0000006c   Data   RO         4903    .constdata          timer.o
    0x0800fc03   0x0800fc03   0x00000018   Data   RO         5563    .constdata          system_stm32f1xx.o
    0x0800fc1b   0x0800fc1b   0x00000001   PAD
    0x0800fc1c   0x0800fc1c   0x00000098   Data   RO         1541    .conststring        pin.o
    0x0800fcb4   0x0800fcb4   0x00000063   Data   RO         1655    .conststring        serial.o
    0x0800fd17   0x0800fd17   0x00000001   PAD
    0x0800fd18   0x0800fd18   0x0000000e   Data   RO         1986    .conststring        drv_usart.o
    0x0800fd26   0x0800fd26   0x00000002   PAD
    0x0800fd28   0x0800fd28   0x0000000b   Data   RO         2563    .conststring        dfs_fs.o
    0x0800fd33   0x0800fd33   0x00000001   PAD
    0x0800fd34   0x0800fd34   0x000002e8   Data   RO         3251    .conststring        cmd.o
    0x0801001c   0x0801001c   0x0000008b   Data   RO         3698    .conststring        ipc.o
    0x080100a7   0x080100a7   0x00000001   PAD
    0x080100a8   0x080100a8   0x00000078   Data   RO         4178    .conststring        kservice.o
    0x08010120   0x08010120   0x000001a8   Data   RO         4394    .conststring        mem.o
    0x080102c8   0x080102c8   0x00000086   Data   RO         4743    .conststring        thread.o
    0x0801034e   0x0801034e   0x00000011   Data   RO         1542    .rodata.name        pin.o
    0x0801035f   0x0801035f   0x00000015   Data   RO         1757    .rodata.name        drv_common.o
    0x08010374   0x08010374   0x00000064   Data   RO         3103    .rodata.name        msh.o
    0x080103d8   0x080103d8   0x0000005d   Data   RO         3253    .rodata.name        cmd.o
    0x08010435   0x08010435   0x000001cc   Data   RO         3366    .rodata.name        msh_file.o
    0x08010601   0x08010601   0x00000003   PAD
    0x08010604   0x08010604   0x00000004   Data   RO         3501    .rti_fn.0           components.o
    0x08010608   0x08010608   0x00000004   Data   RO         3502    .rti_fn.0.end       components.o
    0x0801060c   0x0801060c   0x00000004   Data   RO         3503    .rti_fn.1.end       components.o
    0x08010610   0x08010610   0x00000004   Data   RO         2649    .rti_fn.2           dfs.o
    0x08010614   0x08010614   0x00000004   Data   RO         2985    .rti_fn.6           shell.o
    0x08010618   0x08010618   0x00000004   Data   RO         3504    .rti_fn.6.end       components.o
    0x0801061c   0x0801061c   0x00000010   Data   RO         1543    FSymTab             pin.o
    0x0801062c   0x0801062c   0x00000010   Data   RO         1758    FSymTab             drv_common.o
    0x0801063c   0x0801063c   0x00000030   Data   RO         3104    FSymTab             msh.o
    0x0801066c   0x0801066c   0x00000030   Data   RO         3254    FSymTab             cmd.o
    0x0801069c   0x0801069c   0x000000e0   Data   RO         3367    FSymTab             msh_file.o
    0x0801077c   0x0801077c   0x00000020   Data   RO         6464    Region$$Table       anon$$obj.o
    0x0801079c   0x0801079c   0x00000110   Data   RO         6299    locale$$data        c_w.l(lc_ctype_c.o)


    Execution Region RW_IRAM1 (Exec base: 0x20000000, Load base: 0x080108ac, Size: 0x000018f8, Max: 0x00010000, ABSOLUTE, COMPRESSED[0x00000134])

    Exec Addr    Load Addr    Size         Type   Attr      Idx    E Section Name        Object

    0x20000000   COMPRESSED   0x00000010   Data   RW          844    .data               cpuport.o
    0x20000010   COMPRESSED   0x00000004   Data   RW         1656    .data               serial.o
    0x20000014   COMPRESSED   0x00000004   Data   RW         1756    .data               drv_common.o
    0x20000018   COMPRESSED   0x00000104   Data   RW         1869    .data               drv_gpio.o
    0x2000011c   COMPRESSED   0x00000028   Data   RW         1987    .data               drv_usart.o
    0x20000144   COMPRESSED   0x0000010c   Data   RW         2648    .data               dfs.o
    0x20000250   COMPRESSED   0x00000010   Data   RW         2984    .data               shell.o
    0x20000260   COMPRESSED   0x00000084   Data   RW         3252    .data               cmd.o
    0x200002e4   COMPRESSED   0x00000008   Data   RW         3452    .data               clock.o
    0x200002ec   COMPRESSED   0x00000008   Data   RW         3568    .data               idle.o
    0x200002f4   COMPRESSED   0x00000009   Data   RW         4097    .data               irq.o
    0x200002fd   COMPRESSED   0x00000003   PAD
    0x20000300   COMPRESSED   0x00000090   Data   RW         4179    .data               kservice.o
    0x20000390   COMPRESSED   0x000000c4   Data   RW         4521    .data               object.o
    0x20000454   COMPRESSED   0x00000018   Data   RW         4645    .data               scheduler_up.o
    0x2000046c   COMPRESSED   0x0000000c   Data   RW         4744    .data               thread.o
    0x20000478   COMPRESSED   0x00000020   Data   RW         4904    .data               timer.o
    0x20000498   COMPRESSED   0x00000004   Data   RW         5564    .data               system_stm32f1xx.o
    0x2000049c   COMPRESSED   0x00000009   Data   RW         5990    .data               stm32f1xx_hal.o
    0x200004a5   COMPRESSED   0x00000003   PAD
    0x200004a8        -       0x00000044   Zero   RW         1539    .bss                pin.o
    0x200004ec        -       0x00000270   Zero   RW         1984    .bss                drv_usart.o
    0x2000075c        -       0x000000a8   Zero   RW         2646    .bss                dfs.o
    0x20000804        -       0x0000042c   Zero   RW         2817    .bss                dfs_file.o
    0x20000c30        -       0x00000081   Zero   RW         2982    .bss                shell.o
    0x20000cb1   COMPRESSED   0x00000007   PAD
    0x20000cb8        -       0x000001a0   Zero   RW         3567    .bss                idle.o
    0x20000e58        -       0x000000ac   Zero   RW         4176    .bss                kservice.o
    0x20000f04        -       0x00000100   Zero   RW         4643    .bss                scheduler_up.o
    0x20001004   COMPRESSED   0x00000004   PAD
    0x20001008        -       0x00000290   Zero   RW         4902    .bss                timer.o
    0x20001298        -       0x00000060   Zero   RW         6306    .bss                c_w.l(libspace.o)
    0x200012f8        -       0x00000200   Zero   RW         2122    HEAP                startup_stm32f103xe.o
    0x200014f8        -       0x00000400   Zero   RW         2121    STACK               startup_stm32f103xe.o


==============================================================================

Image component sizes


      Code (inc. data)   RO Data    RW Data    ZI Data      Debug   Object Name

       164         16          0          0          0        621   board.o
       168         16          0          8          0       2024   clock.o
      3924       1384       1009        132          0      17229   cmd.o
       808        318         57          0          0       6095   completion.o
       218         50         36          0          0       5220   components.o
       252         28          0          0          0        740   context_rvds.o
      1472        732          0         16          0       5920   cpuport.o
       100         50          0          0          0        597   cstdlib.o
      2448        808        134          0          0      11532   dataqueue.o
      1134        516        186          0          0       7860   device.o
      1840        430         61        268        168      12790   dfs.o
      3088        522          0          0       1068      20083   dfs_file.o
      1608        390         75          0          0       6930   dfs_fs.o
      1180         18          0          0          0      33699   dfs_posix.o
       356        114         37          4          0      31567   drv_common.o
      1698        110         92        260          0      11845   drv_gpio.o
      2552        476        286         40        624      37827   drv_usart.o
       300         34          0          8        416       6130   idle.o
      3004        732        685          0          0      39924   ipc.o
       136         26          0          9          0       2684   irq.o
      2962        380        216        144        172      20479   kservice.o
        44          0          0          0          0     580138   main.o
      2108        832        493          0          0       6317   mem.o
      2056        282        162          0          0      18202   msh.o
      3438       1306        684          0          0      15839   msh_file.o
        60          0          0          0          0        600   msh_parse.o
      1028        334        128        196          0      10494   object.o
      1804        798        321          0         68      12466   pin.o
      1100        254         75         24        256       9904   scheduler_up.o
      3756        804        397          4          0      15943   serial.o
      2388        314        139         16        129      13218   shell.o
        64         26        304          0       1536        892   startup_stm32f103xe.o
        40          6          0          9          0       4374   stm32f1xx_hal.o
       372         28          0          0          0      30141   stm32f1xx_hal_cortex.o
       990         26          0          0          0       4886   stm32f1xx_hal_dma.o
      1228         78          0          0          0       4980   stm32f1xx_hal_gpio.o
       560         58          0          0          0       2542   stm32f1xx_hal_msp.o
      1784        110          0          0          0       6096   stm32f1xx_hal_rcc.o
       304         14          0          0          0       1528   stm32f1xx_hal_rcc_ex.o
      2126         38          0          0          0      13951   stm32f1xx_hal_uart.o
        14          0          0          0          0       1944   syscalls.o
         2          0         24          4          0       1435   system_stm32f1xx.o
      2564        766        359         12          0      16203   thread.o
      2184        598        108         32        656      12559   timer.o
         0          0          0          0          0       2440   workqueue.o

    ----------------------------------------------------------------------
     59478      13822       6112       1192       5104    1068888   Object Totals
         0          0         32          0          0          0   (incl. Generated)
        52          0         12          6         11          0   (incl. Padding)

    ----------------------------------------------------------------------

      Code (inc. data)   RO Data    RW Data    ZI Data      Debug   Library Member Name

        90          0          0          0          0          0   __dczerorl2.o
         8          0          0          0          0         68   __main.o
         0          0          0          0          0          0   __rtentry.o
        12          0          0          0          0          0   __rtentry2.o
         6          0          0          0          0          0   __rtentry4.o
        52          8          0          0          0          0   __scatter.o
        28          0          0          0          0          0   __scatter_zi.o
        28          0          0          0          0         68   _chval.o
       158          0          0          0          0         92   _strtoul.o
        26          0          0          0          0         80   atoi.o
        18          0          0          0          0         80   exit.o
         6          0          0          0          0        152   heapauxi.o
        44         10        272          0          0         76   lc_ctype_c.o
         2          0          0          0          0          0   libinit.o
        20          0          0          0          0          0   libinit2.o
         2          0          0          0          0          0   libshutdown.o
         2          0          0          0          0          0   libshutdown2.o
         8          4          0          0         96         68   libspace.o
        72          0          0          0          0         76   llsdiv.o
       238          0          0          0          0        100   lludivv7m.o
        88          0          0          0          0         76   memcmp.o
        16          4          0          0          0         76   rt_ctype_table.o
         8          4          0          0          0         68   rt_errno_addr_intlibspace.o
         8          4          0          0          0         68   rt_locale_intlibspace.o
        68          0          0          0          0         68   rt_memclr.o
        78          0          0          0          0         80   rt_memclr_w.o
         2          0          0          0          0          0   rtexit.o
        10          0          0          0          0          0   rtexit2.o
        24          0          0          0          0         68   strcat.o
        20          0          0          0          0         68   strchr.o
       128          0          0          0          0         68   strcmpv7m.o
        72          0          0          0          0         80   strcpy.o
        62          0          0          0          0         76   strlen.o
       150          0          0          0          0         80   strncmp.o
        86          0          0          0          0         76   strncpy.o
        22          0          0          0          0         68   strrchr.o
        36          0          0          0          0         80   strstr.o
       112          0          0          0          0         88   strtol.o
        74          0          0          0          0         80   sys_stackheap_outer.o
         2          0          0          0          0         68   use_no_semi.o

    ----------------------------------------------------------------------
      1894         34        272          0         96       2196   Library Totals
         8          0          0          0          0          0   (incl. Padding)

    ----------------------------------------------------------------------

      Code (inc. data)   RO Data    RW Data    ZI Data      Debug   Library Name

      1886         34        272          0         96       2196   c_w.l

    ----------------------------------------------------------------------
      1894         34        272          0         96       2196   Library Totals

    ----------------------------------------------------------------------

==============================================================================


      Code (inc. data)   RO Data    RW Data    ZI Data      Debug   

     61372      13856       6384       1192       5200    1048408   Grand Totals
     61372      13856       6384        308       5200    1048408   ELF Image Totals (compressed)
     61372      13856       6384        308          0          0   ROM Totals

==============================================================================

    Total RO  Size (Code + RO Data)                67756 (  66.17kB)
    Total RW  Size (RW Data + ZI Data)              6392 (   6.24kB)
    Total ROM Size (Code + RO Data + RW Data)      68064 (  66.47kB)

==============================================================================

